2026-07-09 16:53:33,642 [INFO] 
======================================================================
2026-07-09 16:53:33,644 [INFO] Baseline Training: baseline_unet_ild
2026-07-09 16:53:33,644 [INFO] Log directory: artifacts/logs/20260709_165333
2026-07-09 16:53:33,644 [INFO] ======================================================================

2026-07-09 16:53:33,644 [INFO] Loading dataset...
  Empty mask strategy: skip → skipped 1108 slices
✓ ILDDatasetSplit: train → 75 sessions, 705 slices (train=75, val=16, test=17)
  Empty mask strategy: skip → skipped 225 slices
✓ ILDDatasetSplit: val → 16 sessions, 123 slices (train=75, val=16, test=17)
  Empty mask strategy: skip → skipped 182 slices
✓ ILDDatasetSplit: test → 17 sessions, 201 slices (train=75, val=16, test=17)
2026-07-09 16:53:38,954 [INFO] Train: 705 slices
2026-07-09 16:53:38,954 [INFO] Val:   123 slices
2026-07-09 16:53:38,954 [INFO] Test:  201 slices
2026-07-09 16:53:38,955 [INFO] Building model: standard_unet
2026-07-09 16:53:39,295 [INFO] Model parameters: 662,016
2026-07-09 16:53:39,295 [INFO] Class weights: {0: 0.009999999776482582, 1: 10.0, 2: 15.0, 3: 50.0, 4: 50.0, 5: 40.0, 6: 30.0, 7: 20.0}
2026-07-09 16:53:43,440 [INFO] Epoch   0 | Batch   10/  89 | Loss: 1.5059
2026-07-09 16:53:45,238 [INFO] Epoch   0 | Batch   20/  89 | Loss: 1.5293
2026-07-09 16:53:47,040 [INFO] Epoch   0 | Batch   30/  89 | Loss: 1.5246
2026-07-09 16:53:48,851 [INFO] Epoch   0 | Batch   40/  89 | Loss: 1.4719
2026-07-09 16:53:50,646 [INFO] Epoch   0 | Batch   50/  89 | Loss: 1.4919
2026-07-09 16:53:52,451 [INFO] Epoch   0 | Batch   60/  89 | Loss: 1.4999
2026-07-09 16:53:54,247 [INFO] Epoch   0 | Batch   70/  89 | Loss: 1.4450
2026-07-09 16:53:56,054 [INFO] Epoch   0 | Batch   80/  89 | Loss: 1.4318
2026-07-09 16:54:00,709 [INFO] ✓ Checkpoint saved: artifacts/logs/20260709_165333/checkpoints/best_model.pt
2026-07-09 16:54:02,595 [INFO] Epoch   1 | Batch   10/  89 | Loss: 1.4657
2026-07-09 16:54:04,378 [INFO] Epoch   1 | Batch   20/  89 | Loss: 1.5494
2026-07-09 16:54:06,154 [INFO] Epoch   1 | Batch   30/  89 | Loss: 1.3027
2026-07-09 16:54:07,932 [INFO] Epoch   1 | Batch   40/  89 | Loss: 1.3868
2026-07-09 16:54:09,706 [INFO] Epoch   1 | Batch   50/  89 | Loss: 1.4470
2026-07-09 16:54:11,538 [INFO] Epoch   1 | Batch   60/  89 | Loss: 1.3156
2026-07-09 16:54:13,294 [INFO] Epoch   1 | Batch   70/  89 | Loss: 1.3208
2026-07-09 16:54:15,068 [INFO] Epoch   1 | Batch   80/  89 | Loss: 1.4480
2026-07-09 16:54:21,431 [INFO] Epoch   2 | Batch   10/  89 | Loss: 1.4596
2026-07-09 16:54:23,193 [INFO] Epoch   2 | Batch   20/  89 | Loss: 1.3539
2026-07-09 16:54:24,957 [INFO] Epoch   2 | Batch   30/  89 | Loss: 1.2977
2026-07-09 16:54:26,720 [INFO] Epoch   2 | Batch   40/  89 | Loss: 1.3912
2026-07-09 16:54:28,486 [INFO] Epoch   2 | Batch   50/  89 | Loss: 1.2508
2026-07-09 16:54:30,253 [INFO] Epoch   2 | Batch   60/  89 | Loss: 1.1994
2026-07-09 16:54:32,017 [INFO] Epoch   2 | Batch   70/  89 | Loss: 1.2954
2026-07-09 16:54:33,790 [INFO] Epoch   2 | Batch   80/  89 | Loss: 1.2793
2026-07-09 16:54:40,583 [INFO] Epoch   3 | Batch   10/  89 | Loss: 1.3478
2026-07-09 16:54:42,347 [INFO] Epoch   3 | Batch   20/  89 | Loss: 1.2017
2026-07-09 16:54:44,157 [INFO] Epoch   3 | Batch   30/  89 | Loss: 1.1463
2026-07-09 16:54:45,924 [INFO] Epoch   3 | Batch   40/  89 | Loss: 1.2851
2026-07-09 16:54:47,697 [INFO] Epoch   3 | Batch   50/  89 | Loss: 1.1576
2026-07-09 16:54:49,467 [INFO] Epoch   3 | Batch   60/  89 | Loss: 1.2054
2026-07-09 16:54:51,231 [INFO] Epoch   3 | Batch   70/  89 | Loss: 1.1832
2026-07-09 16:54:52,997 [INFO] Epoch   3 | Batch   80/  89 | Loss: 1.0288
2026-07-09 16:54:57,678 [INFO] ✓ Checkpoint saved: artifacts/logs/20260709_165333/checkpoints/best_model.pt
2026-07-09 16:54:59,545 [INFO] Epoch   4 | Batch   10/  89 | Loss: 1.1081
2026-07-09 16:55:01,308 [INFO] Epoch   4 | Batch   20/  89 | Loss: 1.1692
2026-07-09 16:55:03,065 [INFO] Epoch   4 | Batch   30/  89 | Loss: 1.1259
2026-07-09 16:55:04,831 [INFO] Epoch   4 | Batch   40/  89 | Loss: 1.2213
2026-07-09 16:55:06,590 [INFO] Epoch   4 | Batch   50/  89 | Loss: 1.1089
2026-07-09 16:55:08,352 [INFO] Epoch   4 | Batch   60/  89 | Loss: 1.1815
2026-07-09 16:55:10,115 [INFO] Epoch   4 | Batch   70/  89 | Loss: 1.0524
2026-07-09 16:55:11,874 [INFO] Epoch   4 | Batch   80/  89 | Loss: 1.3718
2026-07-09 16:55:16,037 [INFO] ✓ Checkpoint saved: artifacts/logs/20260709_165333/checkpoints/best_model.pt
2026-07-09 16:55:16,049 [INFO] ✓ Checkpoint saved: artifacts/logs/20260709_165333/checkpoints/checkpoint_epoch_004.pt
2026-07-09 16:55:17,929 [INFO] Epoch   5 | Batch   10/  89 | Loss: 1.3206
2026-07-09 16:55:19,683 [INFO] Epoch   5 | Batch   20/  89 | Loss: 1.1610
2026-07-09 16:55:21,440 [INFO] Epoch   5 | Batch   30/  89 | Loss: 1.2162
2026-07-09 16:55:23,198 [INFO] Epoch   5 | Batch   40/  89 | Loss: 1.5266
2026-07-09 16:55:24,962 [INFO] Epoch   5 | Batch   50/  89 | Loss: 1.3514
2026-07-09 16:55:26,719 [INFO] Epoch   5 | Batch   60/  89 | Loss: 1.1588
2026-07-09 16:55:28,476 [INFO] Epoch   5 | Batch   70/  89 | Loss: 1.1813
2026-07-09 16:55:30,233 [INFO] Epoch   5 | Batch   80/  89 | Loss: 1.1802
2026-07-09 16:55:37,344 [INFO] Epoch   6 | Batch   10/  89 | Loss: 1.1764
2026-07-09 16:55:39,097 [INFO] Epoch   6 | Batch   20/  89 | Loss: 1.0166
2026-07-09 16:55:40,850 [INFO] Epoch   6 | Batch   30/  89 | Loss: 1.3120
2026-07-09 16:55:42,604 [INFO] Epoch   6 | Batch   40/  89 | Loss: 1.2164
2026-07-09 16:55:44,359 [INFO] Epoch   6 | Batch   50/  89 | Loss: 1.1052
2026-07-09 16:55:46,114 [INFO] Epoch   6 | Batch   60/  89 | Loss: 1.0665
2026-07-09 16:55:47,870 [INFO] Epoch   6 | Batch   70/  89 | Loss: 1.0462
2026-07-09 16:55:49,636 [INFO] Epoch   6 | Batch   80/  89 | Loss: 1.0949
2026-07-09 16:55:56,032 [INFO] Epoch   7 | Batch   10/  89 | Loss: 1.1598
2026-07-09 16:55:57,786 [INFO] Epoch   7 | Batch   20/  89 | Loss: 1.2587
2026-07-09 16:55:59,542 [INFO] Epoch   7 | Batch   30/  89 | Loss: 0.9539
2026-07-09 16:56:01,297 [INFO] Epoch   7 | Batch   40/  89 | Loss: 1.4070
2026-07-09 16:56:03,054 [INFO] Epoch   7 | Batch   50/  89 | Loss: 1.0654
2026-07-09 16:56:04,810 [INFO] Epoch   7 | Batch   60/  89 | Loss: 1.3226
2026-07-09 16:56:06,567 [INFO] Epoch   7 | Batch   70/  89 | Loss: 1.2105
2026-07-09 16:56:08,324 [INFO] Epoch   7 | Batch   80/  89 | Loss: 0.9753
2026-07-09 16:56:15,655 [INFO] Epoch   8 | Batch   10/  89 | Loss: 1.2577
2026-07-09 16:56:17,415 [INFO] Epoch   8 | Batch   20/  89 | Loss: 0.9661
2026-07-09 16:56:19,175 [INFO] Epoch   8 | Batch   30/  89 | Loss: 1.1976
2026-07-09 16:56:20,933 [INFO] Epoch   8 | Batch   40/  89 | Loss: 1.0368
2026-07-09 16:56:22,718 [INFO] Epoch   8 | Batch   50/  89 | Loss: 1.2795
2026-07-09 16:56:24,473 [INFO] Epoch   8 | Batch   60/  89 | Loss: 1.1390
2026-07-09 16:56:26,237 [INFO] Epoch   8 | Batch   70/  89 | Loss: 1.0005
2026-07-09 16:56:27,997 [INFO] Epoch   8 | Batch   80/  89 | Loss: 0.9996
2026-07-09 16:56:32,870 [INFO] ✓ Checkpoint saved: artifacts/logs/20260709_165333/checkpoints/best_model.pt
2026-07-09 16:56:35,350 [INFO] Epoch   9 | Batch   10/  89 | Loss: 1.4006
2026-07-09 16:56:37,116 [INFO] Epoch   9 | Batch   20/  89 | Loss: 0.9662
2026-07-09 16:56:38,878 [INFO] Epoch   9 | Batch   30/  89 | Loss: 1.1784
2026-07-09 16:56:40,635 [INFO] Epoch   9 | Batch   40/  89 | Loss: 1.2886
2026-07-09 16:56:42,392 [INFO] Epoch   9 | Batch   50/  89 | Loss: 1.0983
2026-07-09 16:56:44,148 [INFO] Epoch   9 | Batch   60/  89 | Loss: 1.0345
2026-07-09 16:56:45,905 [INFO] Epoch   9 | Batch   70/  89 | Loss: 1.2473
2026-07-09 16:56:47,664 [INFO] Epoch   9 | Batch   80/  89 | Loss: 1.1426
2026-07-09 16:56:52,051 [INFO] ✓ Checkpoint saved: artifacts/logs/20260709_165333/checkpoints/checkpoint_epoch_009.pt
2026-07-09 16:56:53,916 [INFO] Epoch  10 | Batch   10/  89 | Loss: 1.2258
2026-07-09 16:56:55,690 [INFO] Epoch  10 | Batch   20/  89 | Loss: 1.0159
2026-07-09 16:56:57,443 [INFO] Epoch  10 | Batch   30/  89 | Loss: 1.2818
2026-07-09 16:56:59,198 [INFO] Epoch  10 | Batch   40/  89 | Loss: 1.0232
2026-07-09 16:57:00,953 [INFO] Epoch  10 | Batch   50/  89 | Loss: 1.4590
2026-07-09 16:57:02,709 [INFO] Epoch  10 | Batch   60/  89 | Loss: 0.8698
2026-07-09 16:57:04,469 [INFO] Epoch  10 | Batch   70/  89 | Loss: 0.8723
2026-07-09 16:57:06,225 [INFO] Epoch  10 | Batch   80/  89 | Loss: 1.1485
2026-07-09 16:57:10,379 [INFO] ✓ Checkpoint saved: artifacts/logs/20260709_165333/checkpoints/best_model.pt
2026-07-09 16:57:13,121 [INFO] Epoch  11 | Batch   10/  89 | Loss: 1.5854
2026-07-09 16:57:14,877 [INFO] Epoch  11 | Batch   20/  89 | Loss: 0.8071
2026-07-09 16:57:16,630 [INFO] Epoch  11 | Batch   30/  89 | Loss: 0.8839
2026-07-09 16:57:18,388 [INFO] Epoch  11 | Batch   40/  89 | Loss: 1.3055
2026-07-09 16:57:20,144 [INFO] Epoch  11 | Batch   50/  89 | Loss: 0.9885
2026-07-09 16:57:21,900 [INFO] Epoch  11 | Batch   60/  89 | Loss: 1.0943
2026-07-09 16:57:23,655 [INFO] Epoch  11 | Batch   70/  89 | Loss: 0.9749
2026-07-09 16:57:25,411 [INFO] Epoch  11 | Batch   80/  89 | Loss: 1.3847
2026-07-09 16:57:30,319 [INFO] ✓ Checkpoint saved: artifacts/logs/20260709_165333/checkpoints/best_model.pt
2026-07-09 16:57:32,760 [INFO] Epoch  12 | Batch   10/  89 | Loss: 0.8303
2026-07-09 16:57:34,513 [INFO] Epoch  12 | Batch   20/  89 | Loss: 0.9145
2026-07-09 16:57:36,265 [INFO] Epoch  12 | Batch   30/  89 | Loss: 0.9642
2026-07-09 16:57:38,019 [INFO] Epoch  12 | Batch   40/  89 | Loss: 0.9858
2026-07-09 16:57:39,773 [INFO] Epoch  12 | Batch   50/  89 | Loss: 0.9688
2026-07-09 16:57:41,526 [INFO] Epoch  12 | Batch   60/  89 | Loss: 1.3287
2026-07-09 16:57:43,284 [INFO] Epoch  12 | Batch   70/  89 | Loss: 0.8614
2026-07-09 16:57:45,038 [INFO] Epoch  12 | Batch   80/  89 | Loss: 1.2318
2026-07-09 16:57:52,103 [INFO] Epoch  13 | Batch   10/  89 | Loss: 1.0145
2026-07-09 16:57:53,855 [INFO] Epoch  13 | Batch   20/  89 | Loss: 0.8684
2026-07-09 16:57:55,612 [INFO] Epoch  13 | Batch   30/  89 | Loss: 0.9155
2026-07-09 16:57:57,367 [INFO] Epoch  13 | Batch   40/  89 | Loss: 1.0534
2026-07-09 16:57:59,124 [INFO] Epoch  13 | Batch   50/  89 | Loss: 1.0351
2026-07-09 16:58:00,891 [INFO] Epoch  13 | Batch   60/  89 | Loss: 0.8955
2026-07-09 16:58:02,643 [INFO] Epoch  13 | Batch   70/  89 | Loss: 0.7690
2026-07-09 16:58:04,398 [INFO] Epoch  13 | Batch   80/  89 | Loss: 1.3016
2026-07-09 16:58:11,118 [INFO] Epoch  14 | Batch   10/  89 | Loss: 0.9074
2026-07-09 16:58:12,870 [INFO] Epoch  14 | Batch   20/  89 | Loss: 0.8942
2026-07-09 16:58:14,623 [INFO] Epoch  14 | Batch   30/  89 | Loss: 0.8065
2026-07-09 16:58:16,376 [INFO] Epoch  14 | Batch   40/  89 | Loss: 0.9858
2026-07-09 16:58:18,128 [INFO] Epoch  14 | Batch   50/  89 | Loss: 0.9766
2026-07-09 16:58:19,884 [INFO] Epoch  14 | Batch   60/  89 | Loss: 0.9360
2026-07-09 16:58:21,640 [INFO] Epoch  14 | Batch   70/  89 | Loss: 0.9740
2026-07-09 16:58:23,398 [INFO] Epoch  14 | Batch   80/  89 | Loss: 1.4957
2026-07-09 16:58:28,588 [INFO] ✓ Checkpoint saved: artifacts/logs/20260709_165333/checkpoints/checkpoint_epoch_014.pt
2026-07-09 16:58:30,458 [INFO] Epoch  15 | Batch   10/  89 | Loss: 0.8051
2026-07-09 16:58:32,214 [INFO] Epoch  15 | Batch   20/  89 | Loss: 1.1091
2026-07-09 16:58:33,985 [INFO] Epoch  15 | Batch   30/  89 | Loss: 1.1939
2026-07-09 16:58:35,739 [INFO] Epoch  15 | Batch   40/  89 | Loss: 0.8222
2026-07-09 16:58:37,496 [INFO] Epoch  15 | Batch   50/  89 | Loss: 0.7539
2026-07-09 16:58:39,256 [INFO] Epoch  15 | Batch   60/  89 | Loss: 1.2675
2026-07-09 16:58:41,017 [INFO] Epoch  15 | Batch   70/  89 | Loss: 0.9283
2026-07-09 16:58:42,780 [INFO] Epoch  15 | Batch   80/  89 | Loss: 0.9329
2026-07-09 16:58:47,325 [INFO] ✓ Checkpoint saved: artifacts/logs/20260709_165333/checkpoints/best_model.pt
2026-07-09 16:58:49,810 [INFO] Epoch  16 | Batch   10/  89 | Loss: 0.8967
2026-07-09 16:58:51,569 [INFO] Epoch  16 | Batch   20/  89 | Loss: 0.7066
2026-07-09 16:58:53,327 [INFO] Epoch  16 | Batch   30/  89 | Loss: 0.7957
2026-07-09 16:58:55,086 [INFO] Epoch  16 | Batch   40/  89 | Loss: 0.9115
2026-07-09 16:58:56,845 [INFO] Epoch  16 | Batch   50/  89 | Loss: 1.0891
2026-07-09 16:58:58,601 [INFO] Epoch  16 | Batch   60/  89 | Loss: 1.0560
2026-07-09 16:59:00,359 [INFO] Epoch  16 | Batch   70/  89 | Loss: 1.0855
2026-07-09 16:59:02,112 [INFO] Epoch  16 | Batch   80/  89 | Loss: 0.8390
2026-07-09 16:59:08,339 [INFO] Epoch  17 | Batch   10/  89 | Loss: 1.0443
2026-07-09 16:59:10,096 [INFO] Epoch  17 | Batch   20/  89 | Loss: 1.2038
2026-07-09 16:59:11,858 [INFO] Epoch  17 | Batch   30/  89 | Loss: 0.7441
2026-07-09 16:59:13,699 [INFO] Epoch  17 | Batch   40/  89 | Loss: 0.7285
2026-07-09 16:59:15,559 [INFO] Epoch  17 | Batch   50/  89 | Loss: 0.8866
2026-07-09 16:59:17,379 [INFO] Epoch  17 | Batch   60/  89 | Loss: 1.0199
2026-07-09 16:59:19,152 [INFO] Epoch  17 | Batch   70/  89 | Loss: 1.0179
2026-07-09 16:59:20,923 [INFO] Epoch  17 | Batch   80/  89 | Loss: 0.8578
2026-07-09 16:59:25,137 [INFO] ✓ Checkpoint saved: artifacts/logs/20260709_165333/checkpoints/best_model.pt
2026-07-09 16:59:27,921 [INFO] Epoch  18 | Batch   10/  89 | Loss: 1.0013
2026-07-09 16:59:29,679 [INFO] Epoch  18 | Batch   20/  89 | Loss: 1.0626
2026-07-09 16:59:31,438 [INFO] Epoch  18 | Batch   30/  89 | Loss: 1.0604
2026-07-09 16:59:33,195 [INFO] Epoch  18 | Batch   40/  89 | Loss: 0.8053
2026-07-09 16:59:34,952 [INFO] Epoch  18 | Batch   50/  89 | Loss: 0.7126
2026-07-09 16:59:36,712 [INFO] Epoch  18 | Batch   60/  89 | Loss: 0.9889
2026-07-09 16:59:38,469 [INFO] Epoch  18 | Batch   70/  89 | Loss: 1.4252
2026-07-09 16:59:40,234 [INFO] Epoch  18 | Batch   80/  89 | Loss: 0.9987
2026-07-09 16:59:47,115 [INFO] Epoch  19 | Batch   10/  89 | Loss: 0.9704
2026-07-09 16:59:48,869 [INFO] Epoch  19 | Batch   20/  89 | Loss: 1.0092
2026-07-09 16:59:50,625 [INFO] Epoch  19 | Batch   30/  89 | Loss: 1.2935
2026-07-09 16:59:52,384 [INFO] Epoch  19 | Batch   40/  89 | Loss: 0.7083
2026-07-09 16:59:54,139 [INFO] Epoch  19 | Batch   50/  89 | Loss: 0.9316
2026-07-09 16:59:55,897 [INFO] Epoch  19 | Batch   60/  89 | Loss: 1.4593
2026-07-09 16:59:57,652 [INFO] Epoch  19 | Batch   70/  89 | Loss: 1.1098
2026-07-09 16:59:59,408 [INFO] Epoch  19 | Batch   80/  89 | Loss: 1.0396
2026-07-09 17:00:04,339 [INFO] ✓ Checkpoint saved: artifacts/logs/20260709_165333/checkpoints/checkpoint_epoch_019.pt
2026-07-09 17:00:06,194 [INFO] Epoch  20 | Batch   10/  89 | Loss: 0.8623
2026-07-09 17:00:07,950 [INFO] Epoch  20 | Batch   20/  89 | Loss: 0.8954
2026-07-09 17:00:09,707 [INFO] Epoch  20 | Batch   30/  89 | Loss: 1.0434
2026-07-09 17:00:11,465 [INFO] Epoch  20 | Batch   40/  89 | Loss: 1.0916
2026-07-09 17:00:13,226 [INFO] Epoch  20 | Batch   50/  89 | Loss: 0.7014
2026-07-09 17:00:14,983 [INFO] Epoch  20 | Batch   60/  89 | Loss: 1.2072
2026-07-09 17:00:16,740 [INFO] Epoch  20 | Batch   70/  89 | Loss: 0.9733
2026-07-09 17:00:18,499 [INFO] Epoch  20 | Batch   80/  89 | Loss: 0.9913
2026-07-09 17:00:25,257 [INFO] Epoch  21 | Batch   10/  89 | Loss: 1.0629
2026-07-09 17:00:27,016 [INFO] Epoch  21 | Batch   20/  89 | Loss: 1.0471
2026-07-09 17:00:28,776 [INFO] Epoch  21 | Batch   30/  89 | Loss: 0.5926
2026-07-09 17:00:30,534 [INFO] Epoch  21 | Batch   40/  89 | Loss: 0.6815
2026-07-09 17:00:32,297 [INFO] Epoch  21 | Batch   50/  89 | Loss: 0.6755
2026-07-09 17:00:34,056 [INFO] Epoch  21 | Batch   60/  89 | Loss: 1.0308
2026-07-09 17:00:35,820 [INFO] Epoch  21 | Batch   70/  89 | Loss: 1.0215
2026-07-09 17:00:37,578 [INFO] Epoch  21 | Batch   80/  89 | Loss: 0.9323
2026-07-09 17:00:44,697 [INFO] Epoch  22 | Batch   10/  89 | Loss: 0.8025
2026-07-09 17:00:46,453 [INFO] Epoch  22 | Batch   20/  89 | Loss: 0.6473
2026-07-09 17:00:48,209 [INFO] Epoch  22 | Batch   30/  89 | Loss: 1.2063
2026-07-09 17:00:49,966 [INFO] Epoch  22 | Batch   40/  89 | Loss: 0.8782
2026-07-09 17:00:51,722 [INFO] Epoch  22 | Batch   50/  89 | Loss: 1.0068
2026-07-09 17:00:53,481 [INFO] Epoch  22 | Batch   60/  89 | Loss: 0.6802
2026-07-09 17:00:55,239 [INFO] Epoch  22 | Batch   70/  89 | Loss: 0.7020
2026-07-09 17:00:57,002 [INFO] Epoch  22 | Batch   80/  89 | Loss: 1.1995
2026-07-09 17:01:04,258 [INFO] Epoch  23 | Batch   10/  89 | Loss: 0.9327
2026-07-09 17:01:06,017 [INFO] Epoch  23 | Batch   20/  89 | Loss: 0.7569
2026-07-09 17:01:07,774 [INFO] Epoch  23 | Batch   30/  89 | Loss: 0.8753
2026-07-09 17:01:09,529 [INFO] Epoch  23 | Batch   40/  89 | Loss: 0.9273
2026-07-09 17:01:11,285 [INFO] Epoch  23 | Batch   50/  89 | Loss: 0.6870
2026-07-09 17:01:13,044 [INFO] Epoch  23 | Batch   60/  89 | Loss: 0.7236
2026-07-09 17:01:14,799 [INFO] Epoch  23 | Batch   70/  89 | Loss: 0.9455
2026-07-09 17:01:16,555 [INFO] Epoch  23 | Batch   80/  89 | Loss: 0.8655
2026-07-09 17:01:23,685 [INFO] Epoch  24 | Batch   10/  89 | Loss: 0.9345
2026-07-09 17:01:25,446 [INFO] Epoch  24 | Batch   20/  89 | Loss: 1.0064
2026-07-09 17:01:27,204 [INFO] Epoch  24 | Batch   30/  89 | Loss: 0.6841
2026-07-09 17:01:28,960 [INFO] Epoch  24 | Batch   40/  89 | Loss: 1.0279
2026-07-09 17:01:30,717 [INFO] Epoch  24 | Batch   50/  89 | Loss: 0.6676
2026-07-09 17:01:32,477 [INFO] Epoch  24 | Batch   60/  89 | Loss: 0.9625
2026-07-09 17:01:34,254 [INFO] Epoch  24 | Batch   70/  89 | Loss: 1.2154
2026-07-09 17:01:36,013 [INFO] Epoch  24 | Batch   80/  89 | Loss: 0.8461
2026-07-09 17:01:40,871 [INFO] ✓ Checkpoint saved: artifacts/logs/20260709_165333/checkpoints/checkpoint_epoch_024.pt
2026-07-09 17:01:43,058 [INFO] Epoch  25 | Batch   10/  89 | Loss: 0.8663
2026-07-09 17:01:44,813 [INFO] Epoch  25 | Batch   20/  89 | Loss: 0.8400
2026-07-09 17:01:46,571 [INFO] Epoch  25 | Batch   30/  89 | Loss: 0.9027
2026-07-09 17:01:48,330 [INFO] Epoch  25 | Batch   40/  89 | Loss: 0.8069
2026-07-09 17:01:50,091 [INFO] Epoch  25 | Batch   50/  89 | Loss: 1.1235
2026-07-09 17:01:51,845 [INFO] Epoch  25 | Batch   60/  89 | Loss: 0.7559
2026-07-09 17:01:53,605 [INFO] Epoch  25 | Batch   70/  89 | Loss: 0.7033
2026-07-09 17:01:55,378 [INFO] Epoch  25 | Batch   80/  89 | Loss: 0.5998
2026-07-09 17:02:02,857 [INFO] Epoch  26 | Batch   10/  89 | Loss: 0.9506
2026-07-09 17:02:04,618 [INFO] Epoch  26 | Batch   20/  89 | Loss: 1.0362
2026-07-09 17:02:06,376 [INFO] Epoch  26 | Batch   30/  89 | Loss: 0.8748
2026-07-09 17:02:08,137 [INFO] Epoch  26 | Batch   40/  89 | Loss: 1.0053
2026-07-09 17:02:09,897 [INFO] Epoch  26 | Batch   50/  89 | Loss: 0.8455
2026-07-09 17:02:11,657 [INFO] Epoch  26 | Batch   60/  89 | Loss: 0.8585
2026-07-09 17:02:13,415 [INFO] Epoch  26 | Batch   70/  89 | Loss: 0.6987
2026-07-09 17:02:15,175 [INFO] Epoch  26 | Batch   80/  89 | Loss: 0.9102
2026-07-09 17:02:21,626 [INFO] Epoch  27 | Batch   10/  89 | Loss: 0.5974
2026-07-09 17:02:23,390 [INFO] Epoch  27 | Batch   20/  89 | Loss: 0.6427
2026-07-09 17:02:25,150 [INFO] Epoch  27 | Batch   30/  89 | Loss: 0.8401
2026-07-09 17:02:26,908 [INFO] Epoch  27 | Batch   40/  89 | Loss: 0.9702
2026-07-09 17:02:28,668 [INFO] Epoch  27 | Batch   50/  89 | Loss: 0.8306
2026-07-09 17:02:30,427 [INFO] Epoch  27 | Batch   60/  89 | Loss: 0.7071
2026-07-09 17:02:32,187 [INFO] Epoch  27 | Batch   70/  89 | Loss: 0.5913
2026-07-09 17:02:33,946 [INFO] Epoch  27 | Batch   80/  89 | Loss: 0.7737
2026-07-09 17:02:38,533 [INFO] ✓ Checkpoint saved: artifacts/logs/20260709_165333/checkpoints/best_model.pt
2026-07-09 17:02:40,390 [INFO] Epoch  28 | Batch   10/  89 | Loss: 0.7401
2026-07-09 17:02:42,151 [INFO] Epoch  28 | Batch   20/  89 | Loss: 0.6906
2026-07-09 17:02:43,912 [INFO] Epoch  28 | Batch   30/  89 | Loss: 0.8015
2026-07-09 17:02:45,674 [INFO] Epoch  28 | Batch   40/  89 | Loss: 0.7763
2026-07-09 17:02:47,435 [INFO] Epoch  28 | Batch   50/  89 | Loss: 0.9409
2026-07-09 17:02:49,197 [INFO] Epoch  28 | Batch   60/  89 | Loss: 0.5837
2026-07-09 17:02:50,959 [INFO] Epoch  28 | Batch   70/  89 | Loss: 1.0653
2026-07-09 17:02:52,721 [INFO] Epoch  28 | Batch   80/  89 | Loss: 0.8386
2026-07-09 17:02:58,796 [INFO] Epoch  29 | Batch   10/  89 | Loss: 0.6225
2026-07-09 17:03:00,556 [INFO] Epoch  29 | Batch   20/  89 | Loss: 0.6257
2026-07-09 17:03:02,321 [INFO] Epoch  29 | Batch   30/  89 | Loss: 0.8585
2026-07-09 17:03:04,087 [INFO] Epoch  29 | Batch   40/  89 | Loss: 0.6994
2026-07-09 17:03:05,848 [INFO] Epoch  29 | Batch   50/  89 | Loss: 0.7607
2026-07-09 17:03:07,612 [INFO] Epoch  29 | Batch   60/  89 | Loss: 0.6117
2026-07-09 17:03:09,374 [INFO] Epoch  29 | Batch   70/  89 | Loss: 0.7567
2026-07-09 17:03:11,140 [INFO] Epoch  29 | Batch   80/  89 | Loss: 0.6645
2026-07-09 17:03:15,291 [INFO] ✓ Checkpoint saved: artifacts/logs/20260709_165333/checkpoints/checkpoint_epoch_029.pt
2026-07-09 17:03:17,543 [INFO] Epoch  30 | Batch   10/  89 | Loss: 0.5439
2026-07-09 17:03:19,308 [INFO] Epoch  30 | Batch   20/  89 | Loss: 0.6055
2026-07-09 17:03:21,074 [INFO] Epoch  30 | Batch   30/  89 | Loss: 0.8510
2026-07-09 17:03:22,835 [INFO] Epoch  30 | Batch   40/  89 | Loss: 0.7081
2026-07-09 17:03:24,597 [INFO] Epoch  30 | Batch   50/  89 | Loss: 1.0704
2026-07-09 17:03:26,368 [INFO] Epoch  30 | Batch   60/  89 | Loss: 0.8290
2026-07-09 17:03:28,151 [INFO] Epoch  30 | Batch   70/  89 | Loss: 0.6818
2026-07-09 17:03:29,911 [INFO] Epoch  30 | Batch   80/  89 | Loss: 0.7740
2026-07-09 17:03:36,531 [INFO] Epoch  31 | Batch   10/  89 | Loss: 0.6211
2026-07-09 17:03:38,289 [INFO] Epoch  31 | Batch   20/  89 | Loss: 0.6029
2026-07-09 17:03:40,047 [INFO] Epoch  31 | Batch   30/  89 | Loss: 0.6107
2026-07-09 17:03:41,807 [INFO] Epoch  31 | Batch   40/  89 | Loss: 0.8429
2026-07-09 17:03:43,569 [INFO] Epoch  31 | Batch   50/  89 | Loss: 1.2030
2026-07-09 17:03:45,330 [INFO] Epoch  31 | Batch   60/  89 | Loss: 0.7231
2026-07-09 17:03:47,090 [INFO] Epoch  31 | Batch   70/  89 | Loss: 0.7826
2026-07-09 17:03:48,850 [INFO] Epoch  31 | Batch   80/  89 | Loss: 0.7660
2026-07-09 17:03:55,824 [INFO] Epoch  32 | Batch   10/  89 | Loss: 0.6426
2026-07-09 17:03:57,589 [INFO] Epoch  32 | Batch   20/  89 | Loss: 0.7757
2026-07-09 17:03:59,350 [INFO] Epoch  32 | Batch   30/  89 | Loss: 0.7899
2026-07-09 17:04:01,129 [INFO] Epoch  32 | Batch   40/  89 | Loss: 0.7570
2026-07-09 17:04:02,882 [INFO] Epoch  32 | Batch   50/  89 | Loss: 0.9817
2026-07-09 17:04:04,642 [INFO] Epoch  32 | Batch   60/  89 | Loss: 0.5856
2026-07-09 17:04:06,423 [INFO] Epoch  32 | Batch   70/  89 | Loss: 0.9254
2026-07-09 17:04:08,205 [INFO] Epoch  32 | Batch   80/  89 | Loss: 0.8446
2026-07-09 17:04:15,270 [INFO] Epoch  33 | Batch   10/  89 | Loss: 0.7321
2026-07-09 17:04:17,033 [INFO] Epoch  33 | Batch   20/  89 | Loss: 0.7241
2026-07-09 17:04:18,795 [INFO] Epoch  33 | Batch   30/  89 | Loss: 0.7044
2026-07-09 17:04:20,558 [INFO] Epoch  33 | Batch   40/  89 | Loss: 0.6698
2026-07-09 17:04:22,316 [INFO] Epoch  33 | Batch   50/  89 | Loss: 0.6398
2026-07-09 17:04:24,073 [INFO] Epoch  33 | Batch   60/  89 | Loss: 0.6130
2026-07-09 17:04:25,834 [INFO] Epoch  33 | Batch   70/  89 | Loss: 0.8179
2026-07-09 17:04:27,592 [INFO] Epoch  33 | Batch   80/  89 | Loss: 0.7232
2026-07-09 17:04:34,219 [INFO] Epoch  34 | Batch   10/  89 | Loss: 1.3813
2026-07-09 17:04:35,977 [INFO] Epoch  34 | Batch   20/  89 | Loss: 0.7596
2026-07-09 17:04:37,741 [INFO] Epoch  34 | Batch   30/  89 | Loss: 0.8410
2026-07-09 17:04:39,506 [INFO] Epoch  34 | Batch   40/  89 | Loss: 0.7044
2026-07-09 17:04:41,270 [INFO] Epoch  34 | Batch   50/  89 | Loss: 0.7016
2026-07-09 17:04:43,030 [INFO] Epoch  34 | Batch   60/  89 | Loss: 0.6114
2026-07-09 17:04:44,791 [INFO] Epoch  34 | Batch   70/  89 | Loss: 0.8043
2026-07-09 17:04:46,554 [INFO] Epoch  34 | Batch   80/  89 | Loss: 0.6216
2026-07-09 17:04:50,932 [INFO] ✓ Checkpoint saved: artifacts/logs/20260709_165333/checkpoints/checkpoint_epoch_034.pt
2026-07-09 17:04:52,793 [INFO] Epoch  35 | Batch   10/  89 | Loss: 0.6088
2026-07-09 17:04:54,552 [INFO] Epoch  35 | Batch   20/  89 | Loss: 0.8109
2026-07-09 17:04:56,311 [INFO] Epoch  35 | Batch   30/  89 | Loss: 0.7629
2026-07-09 17:04:58,071 [INFO] Epoch  35 | Batch   40/  89 | Loss: 0.7090
2026-07-09 17:04:59,827 [INFO] Epoch  35 | Batch   50/  89 | Loss: 0.5912
2026-07-09 17:05:01,586 [INFO] Epoch  35 | Batch   60/  89 | Loss: 0.7019
2026-07-09 17:05:03,345 [INFO] Epoch  35 | Batch   70/  89 | Loss: 1.1581
2026-07-09 17:05:05,103 [INFO] Epoch  35 | Batch   80/  89 | Loss: 0.6675
2026-07-09 17:05:11,696 [INFO] Epoch  36 | Batch   10/  89 | Loss: 0.6686
2026-07-09 17:05:13,460 [INFO] Epoch  36 | Batch   20/  89 | Loss: 0.5799
2026-07-09 17:05:15,225 [INFO] Epoch  36 | Batch   30/  89 | Loss: 0.7227
2026-07-09 17:05:16,987 [INFO] Epoch  36 | Batch   40/  89 | Loss: 0.5963
2026-07-09 17:05:18,771 [INFO] Epoch  36 | Batch   50/  89 | Loss: 0.5778
2026-07-09 17:05:20,530 [INFO] Epoch  36 | Batch   60/  89 | Loss: 0.7659
2026-07-09 17:05:22,292 [INFO] Epoch  36 | Batch   70/  89 | Loss: 0.9988
2026-07-09 17:05:24,054 [INFO] Epoch  36 | Batch   80/  89 | Loss: 0.7700
2026-07-09 17:05:30,824 [INFO] Epoch  37 | Batch   10/  89 | Loss: 0.7167
2026-07-09 17:05:32,694 [INFO] Epoch  37 | Batch   20/  89 | Loss: 0.6240
2026-07-09 17:05:34,556 [INFO] Epoch  37 | Batch   30/  89 | Loss: 0.6384
2026-07-09 17:05:36,428 [INFO] Epoch  37 | Batch   40/  89 | Loss: 0.5817
2026-07-09 17:05:38,306 [INFO] Epoch  37 | Batch   50/  89 | Loss: 0.9231
2026-07-09 17:05:40,195 [INFO] Epoch  37 | Batch   60/  89 | Loss: 0.9919
2026-07-09 17:05:42,076 [INFO] Epoch  37 | Batch   70/  89 | Loss: 0.5938
2026-07-09 17:05:43,933 [INFO] Epoch  37 | Batch   80/  89 | Loss: 0.6632
2026-07-09 17:05:49,055 [INFO] ✓ Checkpoint saved: artifacts/logs/20260709_165333/checkpoints/best_model.pt
2026-07-09 17:05:51,008 [INFO] Epoch  38 | Batch   10/  89 | Loss: 0.8251
2026-07-09 17:05:52,762 [INFO] Epoch  38 | Batch   20/  89 | Loss: 0.8174
2026-07-09 17:05:54,516 [INFO] Epoch  38 | Batch   30/  89 | Loss: 0.5483
2026-07-09 17:05:56,273 [INFO] Epoch  38 | Batch   40/  89 | Loss: 0.5754
2026-07-09 17:05:58,026 [INFO] Epoch  38 | Batch   50/  89 | Loss: 0.6023
2026-07-09 17:05:59,793 [INFO] Epoch  38 | Batch   60/  89 | Loss: 0.6814
2026-07-09 17:06:01,550 [INFO] Epoch  38 | Batch   70/  89 | Loss: 0.5361
2026-07-09 17:06:03,310 [INFO] Epoch  38 | Batch   80/  89 | Loss: 0.5115
2026-07-09 17:06:09,308 [INFO] Epoch  39 | Batch   10/  89 | Loss: 0.6378
2026-07-09 17:06:11,069 [INFO] Epoch  39 | Batch   20/  89 | Loss: 0.6288
2026-07-09 17:06:12,845 [INFO] Epoch  39 | Batch   30/  89 | Loss: 0.7219
2026-07-09 17:06:14,602 [INFO] Epoch  39 | Batch   40/  89 | Loss: 0.6884
2026-07-09 17:06:16,358 [INFO] Epoch  39 | Batch   50/  89 | Loss: 0.7765
2026-07-09 17:06:18,115 [INFO] Epoch  39 | Batch   60/  89 | Loss: 0.5114
2026-07-09 17:06:19,871 [INFO] Epoch  39 | Batch   70/  89 | Loss: 0.8228
2026-07-09 17:06:21,628 [INFO] Epoch  39 | Batch   80/  89 | Loss: 0.7368
2026-07-09 17:06:26,003 [INFO] ✓ Checkpoint saved: artifacts/logs/20260709_165333/checkpoints/checkpoint_epoch_039.pt
2026-07-09 17:06:27,864 [INFO] Epoch  40 | Batch   10/  89 | Loss: 0.7611
2026-07-09 17:06:29,625 [INFO] Epoch  40 | Batch   20/  89 | Loss: 0.8464
2026-07-09 17:06:31,386 [INFO] Epoch  40 | Batch   30/  89 | Loss: 0.5434
2026-07-09 17:06:33,147 [INFO] Epoch  40 | Batch   40/  89 | Loss: 0.7754
2026-07-09 17:06:34,906 [INFO] Epoch  40 | Batch   50/  89 | Loss: 0.6853
2026-07-09 17:06:36,665 [INFO] Epoch  40 | Batch   60/  89 | Loss: 1.0406
2026-07-09 17:06:38,424 [INFO] Epoch  40 | Batch   70/  89 | Loss: 0.5745
2026-07-09 17:06:40,181 [INFO] Epoch  40 | Batch   80/  89 | Loss: 0.5563
2026-07-09 17:06:46,203 [INFO] Epoch  41 | Batch   10/  89 | Loss: 0.5510
2026-07-09 17:06:47,961 [INFO] Epoch  41 | Batch   20/  89 | Loss: 0.5754
2026-07-09 17:06:49,722 [INFO] Epoch  41 | Batch   30/  89 | Loss: 0.6784
2026-07-09 17:06:51,483 [INFO] Epoch  41 | Batch   40/  89 | Loss: 0.8069
2026-07-09 17:06:53,245 [INFO] Epoch  41 | Batch   50/  89 | Loss: 0.7626
2026-07-09 17:06:55,003 [INFO] Epoch  41 | Batch   60/  89 | Loss: 0.8671
2026-07-09 17:06:56,765 [INFO] Epoch  41 | Batch   70/  89 | Loss: 0.5263
2026-07-09 17:06:58,527 [INFO] Epoch  41 | Batch   80/  89 | Loss: 0.6274
2026-07-09 17:07:05,460 [INFO] Epoch  42 | Batch   10/  89 | Loss: 0.7568
2026-07-09 17:07:07,219 [INFO] Epoch  42 | Batch   20/  89 | Loss: 0.6345
2026-07-09 17:07:08,978 [INFO] Epoch  42 | Batch   30/  89 | Loss: 0.7997
2026-07-09 17:07:10,737 [INFO] Epoch  42 | Batch   40/  89 | Loss: 0.6332
2026-07-09 17:07:12,498 [INFO] Epoch  42 | Batch   50/  89 | Loss: 0.6668
2026-07-09 17:07:14,258 [INFO] Epoch  42 | Batch   60/  89 | Loss: 1.0611
2026-07-09 17:07:16,017 [INFO] Epoch  42 | Batch   70/  89 | Loss: 0.6740
2026-07-09 17:07:17,784 [INFO] Epoch  42 | Batch   80/  89 | Loss: 0.4953
2026-07-09 17:07:25,244 [INFO] Epoch  43 | Batch   10/  89 | Loss: 0.5473
2026-07-09 17:07:27,004 [INFO] Epoch  43 | Batch   20/  89 | Loss: 0.9420
2026-07-09 17:07:28,765 [INFO] Epoch  43 | Batch   30/  89 | Loss: 0.6094
2026-07-09 17:07:30,527 [INFO] Epoch  43 | Batch   40/  89 | Loss: 0.5547
2026-07-09 17:07:32,287 [INFO] Epoch  43 | Batch   50/  89 | Loss: 0.5967
2026-07-09 17:07:34,048 [INFO] Epoch  43 | Batch   60/  89 | Loss: 0.5566
2026-07-09 17:07:35,808 [INFO] Epoch  43 | Batch   70/  89 | Loss: 0.5568
2026-07-09 17:07:37,572 [INFO] Epoch  43 | Batch   80/  89 | Loss: 0.6138
2026-07-09 17:07:43,581 [INFO] Epoch  44 | Batch   10/  89 | Loss: 0.5234
2026-07-09 17:07:45,339 [INFO] Epoch  44 | Batch   20/  89 | Loss: 0.6575
2026-07-09 17:07:47,100 [INFO] Epoch  44 | Batch   30/  89 | Loss: 0.6617
2026-07-09 17:07:48,861 [INFO] Epoch  44 | Batch   40/  89 | Loss: 0.5529
2026-07-09 17:07:50,640 [INFO] Epoch  44 | Batch   50/  89 | Loss: 0.8541
2026-07-09 17:07:52,399 [INFO] Epoch  44 | Batch   60/  89 | Loss: 0.7563
2026-07-09 17:07:54,159 [INFO] Epoch  44 | Batch   70/  89 | Loss: 0.7704
2026-07-09 17:07:55,920 [INFO] Epoch  44 | Batch   80/  89 | Loss: 0.9046
2026-07-09 17:08:00,345 [INFO] ✓ Checkpoint saved: artifacts/logs/20260709_165333/checkpoints/checkpoint_epoch_044.pt
2026-07-09 17:08:02,230 [INFO] Epoch  45 | Batch   10/  89 | Loss: 0.6591
2026-07-09 17:08:03,990 [INFO] Epoch  45 | Batch   20/  89 | Loss: 0.5528
2026-07-09 17:08:05,749 [INFO] Epoch  45 | Batch   30/  89 | Loss: 0.5374
2026-07-09 17:08:07,510 [INFO] Epoch  45 | Batch   40/  89 | Loss: 0.7271
2026-07-09 17:08:09,269 [INFO] Epoch  45 | Batch   50/  89 | Loss: 0.5706
2026-07-09 17:08:11,030 [INFO] Epoch  45 | Batch   60/  89 | Loss: 0.5191
2026-07-09 17:08:12,788 [INFO] Epoch  45 | Batch   70/  89 | Loss: 0.5184
2026-07-09 17:08:14,563 [INFO] Epoch  45 | Batch   80/  89 | Loss: 0.5736
2026-07-09 17:08:20,570 [INFO] Epoch  46 | Batch   10/  89 | Loss: 0.5649
2026-07-09 17:08:22,327 [INFO] Epoch  46 | Batch   20/  89 | Loss: 0.5930
2026-07-09 17:08:24,099 [INFO] Epoch  46 | Batch   30/  89 | Loss: 0.5652
2026-07-09 17:08:25,858 [INFO] Epoch  46 | Batch   40/  89 | Loss: 0.6246
2026-07-09 17:08:27,617 [INFO] Epoch  46 | Batch   50/  89 | Loss: 0.6140
2026-07-09 17:08:29,379 [INFO] Epoch  46 | Batch   60/  89 | Loss: 0.6819
2026-07-09 17:08:31,138 [INFO] Epoch  46 | Batch   70/  89 | Loss: 0.8979
2026-07-09 17:08:32,899 [INFO] Epoch  46 | Batch   80/  89 | Loss: 0.6152
2026-07-09 17:08:39,281 [INFO] Epoch  47 | Batch   10/  89 | Loss: 0.5827
2026-07-09 17:08:41,041 [INFO] Epoch  47 | Batch   20/  89 | Loss: 0.7964
2026-07-09 17:08:42,801 [INFO] Epoch  47 | Batch   30/  89 | Loss: 0.6664
2026-07-09 17:08:44,557 [INFO] Epoch  47 | Batch   40/  89 | Loss: 0.5775
2026-07-09 17:08:46,316 [INFO] Epoch  47 | Batch   50/  89 | Loss: 0.6440
2026-07-09 17:08:48,075 [INFO] Epoch  47 | Batch   60/  89 | Loss: 0.5113
2026-07-09 17:08:49,833 [INFO] Epoch  47 | Batch   70/  89 | Loss: 0.7334
2026-07-09 17:08:51,596 [INFO] Epoch  47 | Batch   80/  89 | Loss: 0.5619
2026-07-09 17:08:58,582 [INFO] Epoch  48 | Batch   10/  89 | Loss: 0.5161
2026-07-09 17:09:00,338 [INFO] Epoch  48 | Batch   20/  89 | Loss: 0.5474
2026-07-09 17:09:02,097 [INFO] Epoch  48 | Batch   30/  89 | Loss: 0.5075
2026-07-09 17:09:03,854 [INFO] Epoch  48 | Batch   40/  89 | Loss: 0.5412
2026-07-09 17:09:05,614 [INFO] Epoch  48 | Batch   50/  89 | Loss: 0.7016
2026-07-09 17:09:07,373 [INFO] Epoch  48 | Batch   60/  89 | Loss: 0.5194
2026-07-09 17:09:09,133 [INFO] Epoch  48 | Batch   70/  89 | Loss: 0.6894
2026-07-09 17:09:10,894 [INFO] Epoch  48 | Batch   80/  89 | Loss: 0.6338
2026-07-09 17:09:17,459 [INFO] Epoch  49 | Batch   10/  89 | Loss: 0.5169
2026-07-09 17:09:19,216 [INFO] Epoch  49 | Batch   20/  89 | Loss: 0.5521
2026-07-09 17:09:20,976 [INFO] Epoch  49 | Batch   30/  89 | Loss: 0.6319
2026-07-09 17:09:22,739 [INFO] Epoch  49 | Batch   40/  89 | Loss: 0.6129
2026-07-09 17:09:24,499 [INFO] Epoch  49 | Batch   50/  89 | Loss: 0.5033
2026-07-09 17:09:26,258 [INFO] Epoch  49 | Batch   60/  89 | Loss: 0.7004
2026-07-09 17:09:28,018 [INFO] Epoch  49 | Batch   70/  89 | Loss: 0.6005
2026-07-09 17:09:29,791 [INFO] Epoch  49 | Batch   80/  89 | Loss: 0.7293
2026-07-09 17:09:34,492 [INFO] ✓ Checkpoint saved: artifacts/logs/20260709_165333/checkpoints/checkpoint_epoch_049.pt
2026-07-09 17:09:37,257 [INFO] Epoch  50 | Batch   10/  89 | Loss: 0.5608
2026-07-09 17:09:39,016 [INFO] Epoch  50 | Batch   20/  89 | Loss: 0.6552
2026-07-09 17:09:40,772 [INFO] Epoch  50 | Batch   30/  89 | Loss: 0.5581
2026-07-09 17:09:42,532 [INFO] Epoch  50 | Batch   40/  89 | Loss: 0.5895
2026-07-09 17:09:44,300 [INFO] Epoch  50 | Batch   50/  89 | Loss: 0.7272
2026-07-09 17:09:46,066 [INFO] Epoch  50 | Batch   60/  89 | Loss: 0.6225
2026-07-09 17:09:47,828 [INFO] Epoch  50 | Batch   70/  89 | Loss: 0.5152
2026-07-09 17:09:49,598 [INFO] Epoch  50 | Batch   80/  89 | Loss: 0.6230
2026-07-09 17:09:56,288 [INFO] Epoch  51 | Batch   10/  89 | Loss: 0.6502
2026-07-09 17:09:58,048 [INFO] Epoch  51 | Batch   20/  89 | Loss: 0.5978
2026-07-09 17:09:59,807 [INFO] Epoch  51 | Batch   30/  89 | Loss: 0.5870
2026-07-09 17:10:01,581 [INFO] Epoch  51 | Batch   40/  89 | Loss: 0.5474
2026-07-09 17:10:03,339 [INFO] Epoch  51 | Batch   50/  89 | Loss: 0.5302
2026-07-09 17:10:05,099 [INFO] Epoch  51 | Batch   60/  89 | Loss: 0.5771
2026-07-09 17:10:06,859 [INFO] Epoch  51 | Batch   70/  89 | Loss: 0.5281
2026-07-09 17:10:08,621 [INFO] Epoch  51 | Batch   80/  89 | Loss: 0.5599
2026-07-09 17:10:15,049 [INFO] Epoch  52 | Batch   10/  89 | Loss: 0.7288
2026-07-09 17:10:16,813 [INFO] Epoch  52 | Batch   20/  89 | Loss: 0.5361
2026-07-09 17:10:18,569 [INFO] Epoch  52 | Batch   30/  89 | Loss: 0.7301
2026-07-09 17:10:20,328 [INFO] Epoch  52 | Batch   40/  89 | Loss: 0.6051
2026-07-09 17:10:22,090 [INFO] Epoch  52 | Batch   50/  89 | Loss: 0.6010
2026-07-09 17:10:23,850 [INFO] Epoch  52 | Batch   60/  89 | Loss: 0.6797
2026-07-09 17:10:25,611 [INFO] Epoch  52 | Batch   70/  89 | Loss: 0.5764
2026-07-09 17:10:27,375 [INFO] Epoch  52 | Batch   80/  89 | Loss: 0.6165
2026-07-09 17:10:31,526 [INFO] 
⏹️  Early stopping at epoch 52 (no improvement for 15 epochs)
2026-07-09 17:10:31,684 [INFO] ✓ Checkpoint saved: artifacts/logs/20260709_165333/checkpoints/final_model.pt
2026-07-09 17:10:31,684 [INFO] 
✓ Training complete! Best epoch: 37
2026-07-09 17:10:31,685 [INFO] 
======================================================================
2026-07-09 17:10:31,685 [INFO] Generating plots...
2026-07-09 17:10:31,685 [INFO] ======================================================================
2026-07-09 17:10:32,209 [INFO] ✓ Plot saved: artifacts/logs/20260709_165333/plots/training_curves.png
2026-07-09 17:10:32,432 [INFO] ✓ Class performance plot saved: artifacts/logs/20260709_165333/plots/class_performance.png
2026-07-09 17:10:32,437 [INFO] ✓ History saved: artifacts/logs/20260709_165333/history.json
2026-07-09 17:10:32,437 [INFO] 
✅ Training finished! Logs: artifacts/logs/20260709_165333

