2026-07-09 16:42:08,235 [INFO] 
======================================================================
2026-07-09 16:42:08,236 [INFO] Baseline Training: baseline_unet_ild
2026-07-09 16:42:08,236 [INFO] Log directory: artifacts/logs/20260709_164208
2026-07-09 16:42:08,236 [INFO] ======================================================================

2026-07-09 16:42:08,236 [INFO] Loading dataset...
2026-07-09 16:42:13,781 [INFO] Train: 705 slices
2026-07-09 16:42:13,781 [INFO] Val:   123 slices
2026-07-09 16:42:13,781 [INFO] Test:  201 slices
2026-07-09 16:42:13,781 [INFO] Building model: standard_unet
2026-07-09 16:42:14,050 [INFO] Model parameters: 662,016
2026-07-09 16:42:14,050 [INFO] Class weights: {0: 0.009999999776482582, 1: 10.0, 2: 15.0, 3: 50.0, 4: 50.0, 5: 40.0, 6: 30.0, 7: 20.0}
2026-07-09 16:42:16,978 [INFO] Epoch   0 | Batch   10/  89 | Loss: 1.5059
2026-07-09 16:42:18,818 [INFO] Epoch   0 | Batch   20/  89 | Loss: 1.5293
2026-07-09 16:42:20,664 [INFO] Epoch   0 | Batch   30/  89 | Loss: 1.5246
2026-07-09 16:42:22,513 [INFO] Epoch   0 | Batch   40/  89 | Loss: 1.4719
2026-07-09 16:42:24,357 [INFO] Epoch   0 | Batch   50/  89 | Loss: 1.4919
2026-07-09 16:42:26,194 [INFO] Epoch   0 | Batch   60/  89 | Loss: 1.4999
2026-07-09 16:42:28,034 [INFO] Epoch   0 | Batch   70/  89 | Loss: 1.4450
2026-07-09 16:42:29,877 [INFO] Epoch   0 | Batch   80/  89 | Loss: 1.4318
