=== Running Pure Pydicom True-Suffix Data Extractor ===
  Processed patient_101: 21 slices exported.
  Processed patient_105: 23 slices exported.
  Processed patient_107: 25 slices exported.
  Processed patient_108: 22 slices exported.
  Processed patient_109: 20 slices exported.
  Processed patient_112: 22 slices exported.
  Processed patient_116: 24 slices exported.
  Processed patient_118: 23 slices exported.
  Processed patient_119: 26 slices exported.
  Processed patient_12: 27 slices exported.
  Processed patient_120: 21 slices exported.
  Processed patient_121: 22 slices exported.
  Processed patient_122: 23 slices exported.
  Processed patient_123: 27 slices exported.
  Processed patient_124: 25 slices exported.
  Processed patient_126: 23 slices exported.
  Processed patient_127: 25 slices exported.
  Processed patient_128: 48 slices exported.
  Processed patient_129: 22 slices exported.
  Processed patient_130: 23 slices exported.
  Processed patient_131: 24 slices exported.
  Processed patient_132: 24 slices exported.
  Processed patient_134: 25 slices exported.
  Processed patient_135: 21 slices exported.
  Processed patient_136: 27 slices exported.
  Processed patient_137: 26 slices exported.
  Processed patient_138: 26 slices exported.
  Processed patient_140: 26 slices exported.
  Processed patient_142_CT-INSPIRIUM-2950: 9 slices exported.
  Processed patient_142_CT-INSPIRIUM-2951: 13 slices exported.
  Processed patient_143: 20 slices exported.
  Processed patient_144: 25 slices exported.
  Processed patient_147: 25 slices exported.
  Processed patient_149: 19 slices exported.
  Processed patient_150: 22 slices exported.
  Processed patient_152: 24 slices exported.
  Processed patient_153: 26 slices exported.
  Processed patient_154_CT-INSPIRIUM-6409: 10 slices exported.
  Processed patient_154_CT-INSPIRIUM-6410: 17 slices exported.
  Processed patient_155: 43 slices exported.
  Processed patient_157: 22 slices exported.
  Processed patient_158: 27 slices exported.
  Processed patient_159: 26 slices exported.
  Processed patient_160: 27 slices exported.
  Processed patient_162: 24 slices exported.
  Processed patient_163: 27 slices exported.
  Processed patient_164: 24 slices exported.
  Processed patient_165: 25 slices exported.
  Processed patient_166: 21 slices exported.
  Processed patient_167: 23 slices exported.
  Processed patient_168: 28 slices exported.
  Processed patient_169: 23 slices exported.
  Processed patient_17: 24 slices exported.
  Processed patient_180: 26 slices exported.
  Processed patient_181: 27 slices exported.
  Processed patient_19: 21 slices exported.
  Processed patient_21: 22 slices exported.
  Processed patient_23: 22 slices exported.
  Processed patient_3: 27 slices exported.
  Processed patient_34: 22 slices exported.
  Processed patient_35: 26 slices exported.
  Processed patient_36: 25 slices exported.
  Processed patient_37: 25 slices exported.
  Processed patient_38: 23 slices exported.
  Processed patient_39: 24 slices exported.
  Processed patient_41: 25 slices exported.
  Processed patient_45: 28 slices exported.
  Processed patient_46: 20 slices exported.
  Processed patient_47: 27 slices exported.
  Processed patient_48: 28 slices exported.
  Processed patient_51: 24 slices exported.
  Processed patient_53_CT-INSPIRIUM-1841: 17 slices exported.
  Processed patient_53_CT-INSPIRIUM-7605: 13 slices exported.
  Processed patient_56: 25 slices exported.
  Processed patient_57_CT--0002: 21 slices exported.
  Processed patient_57_CT-INSPIRIUM-3550: 25 slices exported.
  Processed patient_57_CT-series-5652: 21 slices exported.
  Processed patient_62: 27 slices exported.
  Processed patient_65: 28 slices exported.
  Processed patient_66: 13 slices exported.
  Processed patient_7: 33 slices exported.
  Processed patient_70: 23 slices exported.
  Processed patient_74: 19 slices exported.
  Processed patient_76: 22 slices exported.
  Processed patient_77: 19 slices exported.
  Processed patient_78: 24 slices exported.
  Processed patient_8_CT-INSPIRIUM-8871: 19 slices exported.
  Processed patient_8_CT-INSPIRIUM-8873: 19 slices exported.
  Processed patient_80: 24 slices exported.
  Processed patient_81: 21 slices exported.
  Processed patient_82: 27 slices exported.
  Processed patient_83: 19 slices exported.
  Processed patient_84: 22 slices exported.
  Processed patient_89: 19 slices exported.
  Processed patient_90: 23 slices exported.
  Processed patient_92: 26 slices exported.
  Processed patient_94: 25 slices exported.
  Processed patient_pilot_200: 21 slices exported.
  Processed patient_pilot_201: 24 slices exported.
  Processed patient_pilot_203: 17 slices exported.
  Processed patient_pilot_204: 29 slices exported.
  Processed patient_pilot_205: 21 slices exported.
  Processed patient_pilot_206: 23 slices exported.
  Processed patient_pilot_207: 22 slices exported.
  Processed patient_pilot_208: 25 slices exported.
  Processed patient_pilot_209: 23 slices exported.
  Processed patient_pilot_210: 28 slices exported.
  Processed patient_pilot_211: 30 slices exported.

=== Pipeline Complete. Structured Database Regenerated ===
