=================================================================
🚀 PRODUCTION SEGMENTATION ENGINE: FIXED 70/15/15 COHORT SPLIT
=================================================================

🧬 Stratification Context Successfully Established:
   • Train Cohort: 75 Patients
   • Val Cohort:   15 Patients
   • Test Cohort:  18 Patients

⚡ [STANDARD_UNET] Initializing Stratified Clean-Run Optimization Context...
   • Split Cohorts: Train=75 | Val=15 | Test=18
🛠️ Prefetching train manifest statistics...

🔮 Optimization active across 60 epochs...

📋 MULTI-CLASS PERFORMANCE PROFILE (VAL | EPOCH 1):
───────────────────────────────────────────────────────────────────────────
   • background                   | Dice Score: 0.6876 | Seen in 363 slices
   • healthy_control              | Dice Score: 0.0000 | Seen in 0 slices
   • emphysema                    | Dice Score: 0.0000 | Seen in 0 slices
   • ground_glass                 | Dice Score: 0.0419 | Seen in 34 slices
   • fibrosis                     | Dice Score: 0.0124 | Seen in 41 slices
   • micronodules                 | Dice Score: 0.3892 | Seen in 26 slices
   • consolidation                | Dice Score: 0.0075 | Seen in 19 slices
───────────────────────────────────────────────────────────────────────────
🌟 COMPUTED FOREGROUND DISEASE MEAN DICE: 0.1128
───────────────────────────────────────────────────────────────────────────
  • Epoch 1/60 | Loss: 1.1228 | Foreground Val Dice: 0.1128
  • Epoch 2/60 | Loss: 0.9383 | Foreground Val Dice: 0.1584
  • Epoch 3/60 | Loss: 0.8078 | Foreground Val Dice: 0.1743
  • Epoch 4/60 | Loss: 0.7161 | Foreground Val Dice: 0.1773

📋 MULTI-CLASS PERFORMANCE PROFILE (VAL | EPOCH 5):
───────────────────────────────────────────────────────────────────────────
   • background                   | Dice Score: 0.9733 | Seen in 363 slices
   • healthy_control              | Dice Score: 0.0000 | Seen in 0 slices
   • emphysema                    | Dice Score: 0.0000 | Seen in 0 slices
   • ground_glass                 | Dice Score: 0.0144 | Seen in 34 slices
   • fibrosis                     | Dice Score: 0.0076 | Seen in 41 slices
   • micronodules                 | Dice Score: 0.6384 | Seen in 26 slices
   • consolidation                | Dice Score: 0.0402 | Seen in 19 slices
───────────────────────────────────────────────────────────────────────────
🌟 COMPUTED FOREGROUND DISEASE MEAN DICE: 0.1752
───────────────────────────────────────────────────────────────────────────
  • Epoch 5/60 | Loss: 0.6533 | Foreground Val Dice: 0.1752
  • Epoch 6/60 | Loss: 0.6109 | Foreground Val Dice: 0.1826
  • Epoch 7/60 | Loss: 0.5812 | Foreground Val Dice: 0.1572
  • Epoch 8/60 | Loss: 0.5624 | Foreground Val Dice: 0.1429
  • Epoch 9/60 | Loss: 0.5492 | Foreground Val Dice: 0.1675

📋 MULTI-CLASS PERFORMANCE PROFILE (VAL | EPOCH 10):
───────────────────────────────────────────────────────────────────────────
   • background                   | Dice Score: 0.9902 | Seen in 363 slices
   • healthy_control              | Dice Score: 0.0000 | Seen in 0 slices
   • emphysema                    | Dice Score: 0.0000 | Seen in 0 slices
   • ground_glass                 | Dice Score: 0.0008 | Seen in 34 slices
   • fibrosis                     | Dice Score: 0.0149 | Seen in 41 slices
   • micronodules                 | Dice Score: 0.6689 | Seen in 26 slices
   • consolidation                | Dice Score: 0.0350 | Seen in 19 slices
───────────────────────────────────────────────────────────────────────────
🌟 COMPUTED FOREGROUND DISEASE MEAN DICE: 0.1799
───────────────────────────────────────────────────────────────────────────
  • Epoch 10/60 | Loss: 0.5416 | Foreground Val Dice: 0.1799
  • Epoch 11/60 | Loss: 0.5344 | Foreground Val Dice: 0.1939
  • Epoch 12/60 | Loss: 0.5229 | Foreground Val Dice: 0.2043
  • Epoch 13/60 | Loss: 0.5244 | Foreground Val Dice: 0.1888
  • Epoch 14/60 | Loss: 0.5198 | Foreground Val Dice: 0.2096

📋 MULTI-CLASS PERFORMANCE PROFILE (VAL | EPOCH 15):
───────────────────────────────────────────────────────────────────────────
   • background                   | Dice Score: 0.9889 | Seen in 363 slices
   • healthy_control              | Dice Score: 0.0000 | Seen in 0 slices
   • emphysema                    | Dice Score: 0.0000 | Seen in 0 slices
   • ground_glass                 | Dice Score: 0.0020 | Seen in 34 slices
   • fibrosis                     | Dice Score: 0.0378 | Seen in 41 slices
   • micronodules                 | Dice Score: 0.7068 | Seen in 26 slices
   • consolidation                | Dice Score: 0.0830 | Seen in 19 slices
───────────────────────────────────────────────────────────────────────────
🌟 COMPUTED FOREGROUND DISEASE MEAN DICE: 0.2074
───────────────────────────────────────────────────────────────────────────
  • Epoch 15/60 | Loss: 0.5152 | Foreground Val Dice: 0.2074
  • Epoch 16/60 | Loss: 0.5109 | Foreground Val Dice: 0.2030
  • Epoch 17/60 | Loss: 0.5068 | Foreground Val Dice: 0.1948
  • Epoch 18/60 | Loss: 0.5107 | Foreground Val Dice: 0.1740
  • Epoch 19/60 | Loss: 0.5042 | Foreground Val Dice: 0.2137

📋 MULTI-CLASS PERFORMANCE PROFILE (VAL | EPOCH 20):
───────────────────────────────────────────────────────────────────────────
   • background                   | Dice Score: 0.9902 | Seen in 363 slices
   • healthy_control              | Dice Score: 0.0000 | Seen in 0 slices
   • emphysema                    | Dice Score: 0.0000 | Seen in 0 slices
   • ground_glass                 | Dice Score: 0.0018 | Seen in 34 slices
   • fibrosis                     | Dice Score: 0.0585 | Seen in 41 slices
   • micronodules                 | Dice Score: 0.6832 | Seen in 26 slices
   • consolidation                | Dice Score: 0.1808 | Seen in 19 slices
───────────────────────────────────────────────────────────────────────────
🌟 COMPUTED FOREGROUND DISEASE MEAN DICE: 0.2311
───────────────────────────────────────────────────────────────────────────
  • Epoch 20/60 | Loss: 0.4979 | Foreground Val Dice: 0.2311
  • Epoch 21/60 | Loss: 0.4955 | Foreground Val Dice: 0.2077
  • Epoch 22/60 | Loss: 0.4956 | Foreground Val Dice: 0.2139
  • Epoch 23/60 | Loss: 0.4912 | Foreground Val Dice: 0.2316
  • Epoch 24/60 | Loss: 0.4916 | Foreground Val Dice: 0.2318

📋 MULTI-CLASS PERFORMANCE PROFILE (VAL | EPOCH 25):
───────────────────────────────────────────────────────────────────────────
   • background                   | Dice Score: 0.9938 | Seen in 363 slices
   • healthy_control              | Dice Score: 0.0000 | Seen in 0 slices
   • emphysema                    | Dice Score: 0.0000 | Seen in 0 slices
   • ground_glass                 | Dice Score: 0.0033 | Seen in 34 slices
   • fibrosis                     | Dice Score: 0.0517 | Seen in 41 slices
   • micronodules                 | Dice Score: 0.5683 | Seen in 26 slices
   • consolidation                | Dice Score: 0.1569 | Seen in 19 slices
───────────────────────────────────────────────────────────────────────────
🌟 COMPUTED FOREGROUND DISEASE MEAN DICE: 0.1951
───────────────────────────────────────────────────────────────────────────
  • Epoch 25/60 | Loss: 0.4930 | Foreground Val Dice: 0.1951
  • Epoch 26/60 | Loss: 0.4898 | Foreground Val Dice: 0.2198
  • Epoch 27/60 | Loss: 0.4874 | Foreground Val Dice: 0.2165
  • Epoch 28/60 | Loss: 0.4876 | Foreground Val Dice: 0.2024
  • Epoch 29/60 | Loss: 0.4875 | Foreground Val Dice: 0.1987

📋 MULTI-CLASS PERFORMANCE PROFILE (VAL | EPOCH 30):
───────────────────────────────────────────────────────────────────────────
   • background                   | Dice Score: 0.9909 | Seen in 363 slices
   • healthy_control              | Dice Score: 0.0000 | Seen in 0 slices
   • emphysema                    | Dice Score: 0.0000 | Seen in 0 slices
   • ground_glass                 | Dice Score: 0.0020 | Seen in 34 slices
   • fibrosis                     | Dice Score: 0.0721 | Seen in 41 slices
   • micronodules                 | Dice Score: 0.6396 | Seen in 26 slices
   • consolidation                | Dice Score: 0.1882 | Seen in 19 slices
───────────────────────────────────────────────────────────────────────────
🌟 COMPUTED FOREGROUND DISEASE MEAN DICE: 0.2255
───────────────────────────────────────────────────────────────────────────
  • Epoch 30/60 | Loss: 0.4848 | Foreground Val Dice: 0.2255
  • Epoch 31/60 | Loss: 0.4843 | Foreground Val Dice: 0.2217
  • Epoch 32/60 | Loss: 0.4822 | Foreground Val Dice: 0.2326
  • Epoch 33/60 | Loss: 0.4810 | Foreground Val Dice: 0.2139
  • Epoch 34/60 | Loss: 0.4813 | Foreground Val Dice: 0.2218

📋 MULTI-CLASS PERFORMANCE PROFILE (VAL | EPOCH 35):
───────────────────────────────────────────────────────────────────────────
   • background                   | Dice Score: 0.9922 | Seen in 363 slices
   • healthy_control              | Dice Score: 0.0000 | Seen in 0 slices
   • emphysema                    | Dice Score: 0.0000 | Seen in 0 slices
   • ground_glass                 | Dice Score: 0.0026 | Seen in 34 slices
   • fibrosis                     | Dice Score: 0.0773 | Seen in 41 slices
   • micronodules                 | Dice Score: 0.5883 | Seen in 26 slices
   • consolidation                | Dice Score: 0.1921 | Seen in 19 slices
───────────────────────────────────────────────────────────────────────────
🌟 COMPUTED FOREGROUND DISEASE MEAN DICE: 0.2151
───────────────────────────────────────────────────────────────────────────
  • Epoch 35/60 | Loss: 0.4776 | Foreground Val Dice: 0.2151
  • Epoch 36/60 | Loss: 0.4802 | Foreground Val Dice: 0.2254
  • Epoch 37/60 | Loss: 0.4800 | Foreground Val Dice: 0.2133
  • Epoch 38/60 | Loss: 0.4764 | Foreground Val Dice: 0.2314
  • Epoch 39/60 | Loss: 0.4823 | Foreground Val Dice: 0.2090

📋 MULTI-CLASS PERFORMANCE PROFILE (VAL | EPOCH 40):
───────────────────────────────────────────────────────────────────────────
   • background                   | Dice Score: 0.9924 | Seen in 363 slices
   • healthy_control              | Dice Score: 0.0000 | Seen in 0 slices
   • emphysema                    | Dice Score: 0.0000 | Seen in 0 slices
   • ground_glass                 | Dice Score: 0.0031 | Seen in 34 slices
   • fibrosis                     | Dice Score: 0.0749 | Seen in 41 slices
   • micronodules                 | Dice Score: 0.5996 | Seen in 26 slices
   • consolidation                | Dice Score: 0.1948 | Seen in 19 slices
───────────────────────────────────────────────────────────────────────────
🌟 COMPUTED FOREGROUND DISEASE MEAN DICE: 0.2181
───────────────────────────────────────────────────────────────────────────
  • Epoch 40/60 | Loss: 0.4774 | Foreground Val Dice: 0.2181
  • Epoch 41/60 | Loss: 0.4775 | Foreground Val Dice: 0.2146
  • Epoch 42/60 | Loss: 0.4766 | Foreground Val Dice: 0.2148
  • Epoch 43/60 | Loss: 0.4765 | Foreground Val Dice: 0.2275
  • Epoch 44/60 | Loss: 0.4760 | Foreground Val Dice: 0.2279

📋 MULTI-CLASS PERFORMANCE PROFILE (VAL | EPOCH 45):
───────────────────────────────────────────────────────────────────────────
   • background                   | Dice Score: 0.9928 | Seen in 363 slices
   • healthy_control              | Dice Score: 0.0000 | Seen in 0 slices
   • emphysema                    | Dice Score: 0.0000 | Seen in 0 slices
   • ground_glass                 | Dice Score: 0.0029 | Seen in 34 slices
   • fibrosis                     | Dice Score: 0.0760 | Seen in 41 slices
   • micronodules                 | Dice Score: 0.5951 | Seen in 26 slices
   • consolidation                | Dice Score: 0.1948 | Seen in 19 slices
───────────────────────────────────────────────────────────────────────────
🌟 COMPUTED FOREGROUND DISEASE MEAN DICE: 0.2172
───────────────────────────────────────────────────────────────────────────
  • Epoch 45/60 | Loss: 0.4735 | Foreground Val Dice: 0.2172
  • Epoch 46/60 | Loss: 0.4760 | Foreground Val Dice: 0.2328
  • Epoch 47/60 | Loss: 0.4774 | Foreground Val Dice: 0.2318
  • Epoch 48/60 | Loss: 0.4815 | Foreground Val Dice: 0.2291
  • Epoch 49/60 | Loss: 0.4775 | Foreground Val Dice: 0.2277

📋 MULTI-CLASS PERFORMANCE PROFILE (VAL | EPOCH 50):
───────────────────────────────────────────────────────────────────────────
   • background                   | Dice Score: 0.9921 | Seen in 363 slices
   • healthy_control              | Dice Score: 0.0000 | Seen in 0 slices
   • emphysema                    | Dice Score: 0.0000 | Seen in 0 slices
   • ground_glass                 | Dice Score: 0.0025 | Seen in 34 slices
   • fibrosis                     | Dice Score: 0.0794 | Seen in 41 slices
   • micronodules                 | Dice Score: 0.6412 | Seen in 26 slices
   • consolidation                | Dice Score: 0.2062 | Seen in 19 slices
───────────────────────────────────────────────────────────────────────────
🌟 COMPUTED FOREGROUND DISEASE MEAN DICE: 0.2323
───────────────────────────────────────────────────────────────────────────
  • Epoch 50/60 | Loss: 0.4734 | Foreground Val Dice: 0.2323
  • Epoch 51/60 | Loss: 0.4793 | Foreground Val Dice: 0.2292
  • Epoch 52/60 | Loss: 0.4759 | Foreground Val Dice: 0.2244
  • Epoch 53/60 | Loss: 0.4727 | Foreground Val Dice: 0.2277
  • Epoch 54/60 | Loss: 0.4708 | Foreground Val Dice: 0.2284

📋 MULTI-CLASS PERFORMANCE PROFILE (VAL | EPOCH 55):
───────────────────────────────────────────────────────────────────────────
   • background                   | Dice Score: 0.9915 | Seen in 363 slices
   • healthy_control              | Dice Score: 0.0000 | Seen in 0 slices
   • emphysema                    | Dice Score: 0.0000 | Seen in 0 slices
   • ground_glass                 | Dice Score: 0.0027 | Seen in 34 slices
   • fibrosis                     | Dice Score: 0.0803 | Seen in 41 slices
   • micronodules                 | Dice Score: 0.6387 | Seen in 26 slices
   • consolidation                | Dice Score: 0.2125 | Seen in 19 slices
───────────────────────────────────────────────────────────────────────────
🌟 COMPUTED FOREGROUND DISEASE MEAN DICE: 0.2336
───────────────────────────────────────────────────────────────────────────
  • Epoch 55/60 | Loss: 0.4715 | Foreground Val Dice: 0.2336
  • Epoch 56/60 | Loss: 0.4722 | Foreground Val Dice: 0.2192
  • Epoch 57/60 | Loss: 0.4733 | Foreground Val Dice: 0.2265
  • Epoch 58/60 | Loss: 0.4708 | Foreground Val Dice: 0.2248
  • Epoch 59/60 | Loss: 0.4700 | Foreground Val Dice: 0.2236

📋 MULTI-CLASS PERFORMANCE PROFILE (VAL | EPOCH 60):
───────────────────────────────────────────────────────────────────────────
   • background                   | Dice Score: 0.9923 | Seen in 363 slices
   • healthy_control              | Dice Score: 0.0000 | Seen in 0 slices
   • emphysema                    | Dice Score: 0.0000 | Seen in 0 slices
   • ground_glass                 | Dice Score: 0.0029 | Seen in 34 slices
   • fibrosis                     | Dice Score: 0.0798 | Seen in 41 slices
   • micronodules                 | Dice Score: 0.6166 | Seen in 26 slices
   • consolidation                | Dice Score: 0.2042 | Seen in 19 slices
───────────────────────────────────────────────────────────────────────────
🌟 COMPUTED FOREGROUND DISEASE MEAN DICE: 0.2259
───────────────────────────────────────────────────────────────────────────
  • Epoch 60/60 | Loss: 0.4773 | Foreground Val Dice: 0.2259

🔒 EVALUATING UNSEEN PATIENT SPLIT TEST HOLDOUT...

📋 MULTI-CLASS PERFORMANCE PROFILE (FINAL SECURE TEST HOLDOUT):
───────────────────────────────────────────────────────────────────────────
   • background                   | Dice Score: 0.9889 | Seen in 412 slices
   • healthy_control              | Dice Score: 0.0030 | Seen in 16 slices
   • emphysema                    | Dice Score: 0.0017 | Seen in 33 slices
   • ground_glass                 | Dice Score: 0.0064 | Seen in 29 slices
   • fibrosis                     | Dice Score: 0.0701 | Seen in 58 slices
   • micronodules                 | Dice Score: 0.1418 | Seen in 20 slices
   • consolidation                | Dice Score: 0.1398 | Seen in 24 slices
───────────────────────────────────────────────────────────────────────────
🌟 COMPUTED FOREGROUND DISEASE MEAN DICE: 0.0605
───────────────────────────────────────────────────────────────────────────
✅ Fixed Stratified Single Experiment Complete for: standard_unet
