2026-07-09 17:58:27,941 [INFO] 
======================================================================
2026-07-09 17:58:27,941 [INFO] Optimized Training: baseline_unet_ild
2026-07-09 17:58:27,941 [INFO] Log directory: artifacts/logs/20260709_175827
2026-07-09 17:58:27,941 [INFO] ======================================================================

2026-07-09 17:58:27,941 [INFO] Loading dataset...
2026-07-09 17:58:33,292 [INFO] Train: 705 slices
2026-07-09 17:58:33,292 [INFO] Val:   123 slices
2026-07-09 17:58:33,292 [INFO] Test:  201 slices
2026-07-09 17:58:33,292 [INFO] Building weighted sampler...
2026-07-09 17:58:43,831 [INFO] Building model: standard_unet
2026-07-09 17:58:44,060 [INFO] Model parameters: 662,160
2026-07-09 17:58:44,060 [INFO] Class weights: {0: 0.009999999776482582, 1: 10.0, 2: 15.0, 3: 50.0, 4: 50.0, 5: 40.0, 6: 30.0, 7: 20.0}
2026-07-09 17:58:44,061 [INFO] 
======================================================================
2026-07-09 17:58:44,061 [INFO] EXPERIMENT CONFIGURATION
2026-07-09 17:58:44,062 [INFO] ======================================================================
2026-07-09 17:58:44,062 [INFO] {
  "experiment_timestamp": "2026-07-09T17:58:44.061774",
  "model_name": "standard_unet",
  "model_architecture": {
    "in_channels": 2,
    "out_channels": 8
  },
  "model_in_channels": 2,
  "model_out_channels": 8,
  "loss_name": "SoftDiceFocalLoss",
  "loss_params": {
    "focal_gamma": 2.0,
    "ce_weight": 0.5,
    "dice_weight": 0.5,
    "class_weights": [
      0.009999999776482582,
      10.0,
      15.0,
      50.0,
      50.0,
      40.0,
      30.0,
      20.0
    ]
  },
  "optimizer_name": "AdamW",
  "optimizer_params": {
    "lr": 0.0001,
    "weight_decay": 1e-05,
    "betas": [
      0.9,
      0.999
    ]
  },
  "scheduler_name": "CosineAnnealingLR",
  "scheduler_params": {
    "T_max": 100,
    "eta_min": 1e-06
  },
  "sampler_name": "WeightedRandomSampler",
  "sampler_params": {
    "strategy": "disease_heavy",
    "background_weight": 1.0,
    "mild_disease_weight": 15.0,
    "severe_disease_weight": 50.0
  },
  "training_config": {
    "epochs": 100,
    "batch_size": 8,
    "learning_rate": 0.0001,
    "weight_decay": 1e-05,
    "seed": 42
  },
  "early_stopping_config": {
    "patience": 15,
    "min_delta": 0.001
  },
  "class_weights": {
    "0": 0.01,
    "1": 10.0,
    "2": 15.0,
    "3": 50.0,
    "4": 50.0,
    "5": 40.0,
    "6": 30.0,
    "7": 20.0
  },
  "dataset_config": {
    "empty_mask_strategy": "skip",
    "train_split": null,
    "val_split": null
  },
  "experiment_notes": "2-channel input (CT+lung), foreground Dice optimization, mixed precision AMP"
}
2026-07-09 17:58:44,062 [INFO] ======================================================================

2026-07-09 17:58:44,062 [INFO] 
======================================================================
2026-07-09 17:58:44,062 [INFO] WEIGHTED SAMPLER STATISTICS
2026-07-09 17:58:44,062 [INFO] ======================================================================
2026-07-09 17:58:44,062 [INFO] Weight  10.0:  191 samples ( 27.1%)
2026-07-09 17:58:44,062 [INFO] Weight  25.0:  196 samples ( 27.8%)
2026-07-09 17:58:44,062 [INFO] Weight  50.0:  318 samples ( 45.1%)
2026-07-09 17:58:44,062 [INFO] Total weight sum: 22710
2026-07-09 17:58:44,062 [INFO] ======================================================================

2026-07-09 17:58:47,215 [INFO] Epoch   0 | Batch   10/  89 | Loss: 1.2598
2026-07-09 17:58:49,017 [INFO] Epoch   0 | Batch   20/  89 | Loss: 1.2062
2026-07-09 17:58:50,822 [INFO] Epoch   0 | Batch   30/  89 | Loss: 1.1582
2026-07-09 17:58:52,629 [INFO] Epoch   0 | Batch   40/  89 | Loss: 1.1578
2026-07-09 17:58:54,436 [INFO] Epoch   0 | Batch   50/  89 | Loss: 1.1121
2026-07-09 17:58:56,244 [INFO] Epoch   0 | Batch   60/  89 | Loss: 1.0058
2026-07-09 17:58:58,054 [INFO] Epoch   0 | Batch   70/  89 | Loss: 1.1465
2026-07-09 17:58:59,864 [INFO] Epoch   0 | Batch   80/  89 | Loss: 1.0701
2026-07-09 17:59:04,257 [INFO] Val Dice: 0.0285
2026-07-09 17:59:04,257 [INFO] ✓ Best model! (+inf)

2026-07-09 17:59:06,153 [INFO] Epoch   1 | Batch   10/  89 | Loss: 1.0340
2026-07-09 17:59:07,962 [INFO] Epoch   1 | Batch   20/  89 | Loss: 0.9699
2026-07-09 17:59:09,767 [INFO] Epoch   1 | Batch   30/  89 | Loss: 1.0320
2026-07-09 17:59:11,574 [INFO] Epoch   1 | Batch   40/  89 | Loss: 0.9418
2026-07-09 17:59:13,383 [INFO] Epoch   1 | Batch   50/  89 | Loss: 0.9718
2026-07-09 17:59:15,192 [INFO] Epoch   1 | Batch   60/  89 | Loss: 0.9956
2026-07-09 17:59:17,001 [INFO] Epoch   1 | Batch   70/  89 | Loss: 0.7475
2026-07-09 17:59:18,812 [INFO] Epoch   1 | Batch   80/  89 | Loss: 1.0755
2026-07-09 17:59:23,492 [INFO] Val Dice: 0.0294
2026-07-09 17:59:23,493 [INFO] No improvement (1/15)

2026-07-09 17:59:25,352 [INFO] Epoch   2 | Batch   10/  89 | Loss: 1.3457
2026-07-09 17:59:27,170 [INFO] Epoch   2 | Batch   20/  89 | Loss: 0.7407
2026-07-09 17:59:28,987 [INFO] Epoch   2 | Batch   30/  89 | Loss: 0.6219
2026-07-09 17:59:30,801 [INFO] Epoch   2 | Batch   40/  89 | Loss: 1.2000
2026-07-09 17:59:32,615 [INFO] Epoch   2 | Batch   50/  89 | Loss: 0.7238
2026-07-09 17:59:34,432 [INFO] Epoch   2 | Batch   60/  89 | Loss: 1.0352
2026-07-09 17:59:36,249 [INFO] Epoch   2 | Batch   70/  89 | Loss: 0.9134
2026-07-09 17:59:38,072 [INFO] Epoch   2 | Batch   80/  89 | Loss: 0.8881
2026-07-09 17:59:42,322 [INFO] Val Dice: 0.0305
2026-07-09 17:59:42,322 [INFO] ✓ Best model! (+0.0020)

2026-07-09 17:59:44,205 [INFO] Epoch   3 | Batch   10/  89 | Loss: 0.8864
2026-07-09 17:59:46,037 [INFO] Epoch   3 | Batch   20/  89 | Loss: 0.8548
2026-07-09 17:59:47,871 [INFO] Epoch   3 | Batch   30/  89 | Loss: 0.6421
2026-07-09 17:59:49,705 [INFO] Epoch   3 | Batch   40/  89 | Loss: 0.8344
2026-07-09 17:59:51,532 [INFO] Epoch   3 | Batch   50/  89 | Loss: 0.9321
2026-07-09 17:59:53,345 [INFO] Epoch   3 | Batch   60/  89 | Loss: 0.8750
2026-07-09 17:59:55,168 [INFO] Epoch   3 | Batch   70/  89 | Loss: 0.6327
2026-07-09 17:59:57,006 [INFO] Epoch   3 | Batch   80/  89 | Loss: 0.7893
2026-07-09 18:00:01,192 [INFO] Val Dice: 0.0327
2026-07-09 18:00:01,193 [INFO] ✓ Best model! (+0.0022)

2026-07-09 18:00:03,064 [INFO] Epoch   4 | Batch   10/  89 | Loss: 0.8487
2026-07-09 18:00:04,877 [INFO] Epoch   4 | Batch   20/  89 | Loss: 0.6381
2026-07-09 18:00:06,701 [INFO] Epoch   4 | Batch   30/  89 | Loss: 0.7485
2026-07-09 18:00:08,526 [INFO] Epoch   4 | Batch   40/  89 | Loss: 0.8472
2026-07-09 18:00:10,352 [INFO] Epoch   4 | Batch   50/  89 | Loss: 1.0210
2026-07-09 18:00:12,175 [INFO] Epoch   4 | Batch   60/  89 | Loss: 0.6744
2026-07-09 18:00:13,999 [INFO] Epoch   4 | Batch   70/  89 | Loss: 0.7820
2026-07-09 18:00:15,823 [INFO] Epoch   4 | Batch   80/  89 | Loss: 0.6812
2026-07-09 18:00:19,976 [INFO] Val Dice: 0.0366
2026-07-09 18:00:19,977 [INFO] ✓ Best model! (+0.0039)

2026-07-09 18:00:21,854 [INFO] Epoch   5 | Batch   10/  89 | Loss: 0.6547
2026-07-09 18:00:23,670 [INFO] Epoch   5 | Batch   20/  89 | Loss: 0.7593
2026-07-09 18:00:25,490 [INFO] Epoch   5 | Batch   30/  89 | Loss: 0.6893
2026-07-09 18:00:27,307 [INFO] Epoch   5 | Batch   40/  89 | Loss: 0.6008
2026-07-09 18:00:29,127 [INFO] Epoch   5 | Batch   50/  89 | Loss: 0.7185
2026-07-09 18:00:30,946 [INFO] Epoch   5 | Batch   60/  89 | Loss: 0.6923
2026-07-09 18:00:32,766 [INFO] Epoch   5 | Batch   70/  89 | Loss: 0.6729
2026-07-09 18:00:34,584 [INFO] Epoch   5 | Batch   80/  89 | Loss: 0.9315
2026-07-09 18:00:38,911 [INFO] Val Dice: 0.0402
2026-07-09 18:00:38,912 [INFO] ✓ Best model! (+0.0036)

2026-07-09 18:00:40,795 [INFO] Epoch   6 | Batch   10/  89 | Loss: 0.7599
2026-07-09 18:00:42,617 [INFO] Epoch   6 | Batch   20/  89 | Loss: 0.7150
2026-07-09 18:00:44,438 [INFO] Epoch   6 | Batch   30/  89 | Loss: 0.8900
2026-07-09 18:00:46,262 [INFO] Epoch   6 | Batch   40/  89 | Loss: 0.7370
2026-07-09 18:00:48,081 [INFO] Epoch   6 | Batch   50/  89 | Loss: 0.7143
2026-07-09 18:00:49,902 [INFO] Epoch   6 | Batch   60/  89 | Loss: 0.6661
2026-07-09 18:00:51,727 [INFO] Epoch   6 | Batch   70/  89 | Loss: 0.6961
2026-07-09 18:00:53,559 [INFO] Epoch   6 | Batch   80/  89 | Loss: 0.7191
2026-07-09 18:00:58,227 [INFO] Val Dice: 0.0467
2026-07-09 18:00:58,227 [INFO] ✓ Best model! (+0.0066)

2026-07-09 18:01:00,104 [INFO] Epoch   7 | Batch   10/  89 | Loss: 0.7469
2026-07-09 18:01:01,935 [INFO] Epoch   7 | Batch   20/  89 | Loss: 0.9243
2026-07-09 18:01:03,757 [INFO] Epoch   7 | Batch   30/  89 | Loss: 0.5754
2026-07-09 18:01:05,581 [INFO] Epoch   7 | Batch   40/  89 | Loss: 0.8092
2026-07-09 18:01:07,409 [INFO] Epoch   7 | Batch   50/  89 | Loss: 0.6123
2026-07-09 18:01:09,230 [INFO] Epoch   7 | Batch   60/  89 | Loss: 0.6452
2026-07-09 18:01:11,051 [INFO] Epoch   7 | Batch   70/  89 | Loss: 0.7059
2026-07-09 18:01:12,877 [INFO] Epoch   7 | Batch   80/  89 | Loss: 0.7556
2026-07-09 18:01:17,568 [INFO] Val Dice: 0.0507
2026-07-09 18:01:17,569 [INFO] ✓ Best model! (+0.0040)

2026-07-09 18:01:19,455 [INFO] Epoch   8 | Batch   10/  89 | Loss: 0.6679
2026-07-09 18:01:21,280 [INFO] Epoch   8 | Batch   20/  89 | Loss: 0.6104
2026-07-09 18:01:23,103 [INFO] Epoch   8 | Batch   30/  89 | Loss: 0.6511
2026-07-09 18:01:24,931 [INFO] Epoch   8 | Batch   40/  89 | Loss: 0.5841
2026-07-09 18:01:26,752 [INFO] Epoch   8 | Batch   50/  89 | Loss: 0.7665
2026-07-09 18:01:28,576 [INFO] Epoch   8 | Batch   60/  89 | Loss: 0.6005
2026-07-09 18:01:30,398 [INFO] Epoch   8 | Batch   70/  89 | Loss: 0.9001
2026-07-09 18:01:32,224 [INFO] Epoch   8 | Batch   80/  89 | Loss: 0.6902
2026-07-09 18:01:36,367 [INFO] Val Dice: 0.0434
2026-07-09 18:01:36,368 [INFO] No improvement (1/15)

2026-07-09 18:01:38,228 [INFO] Epoch   9 | Batch   10/  89 | Loss: 0.7950
2026-07-09 18:01:40,047 [INFO] Epoch   9 | Batch   20/  89 | Loss: 0.5391
2026-07-09 18:01:41,868 [INFO] Epoch   9 | Batch   30/  89 | Loss: 0.6578
2026-07-09 18:01:43,691 [INFO] Epoch   9 | Batch   40/  89 | Loss: 0.7090
2026-07-09 18:01:45,511 [INFO] Epoch   9 | Batch   50/  89 | Loss: 0.8032
2026-07-09 18:01:47,333 [INFO] Epoch   9 | Batch   60/  89 | Loss: 0.6937
2026-07-09 18:01:49,157 [INFO] Epoch   9 | Batch   70/  89 | Loss: 0.5814
2026-07-09 18:01:50,976 [INFO] Epoch   9 | Batch   80/  89 | Loss: 0.9355
2026-07-09 18:01:56,001 [INFO] Val Dice: 0.0512
2026-07-09 18:01:56,001 [INFO] No improvement (2/15)

2026-07-09 18:01:57,891 [INFO] Epoch  10 | Batch   10/  89 | Loss: 0.5689
2026-07-09 18:01:59,729 [INFO] Epoch  10 | Batch   20/  89 | Loss: 0.5938
2026-07-09 18:02:01,567 [INFO] Epoch  10 | Batch   30/  89 | Loss: 0.6263
2026-07-09 18:02:03,405 [INFO] Epoch  10 | Batch   40/  89 | Loss: 0.5827
2026-07-09 18:02:05,245 [INFO] Epoch  10 | Batch   50/  89 | Loss: 0.5832
2026-07-09 18:02:07,082 [INFO] Epoch  10 | Batch   60/  89 | Loss: 0.7118
2026-07-09 18:02:08,919 [INFO] Epoch  10 | Batch   70/  89 | Loss: 0.6388
2026-07-09 18:02:10,757 [INFO] Epoch  10 | Batch   80/  89 | Loss: 0.5485
2026-07-09 18:02:15,774 [INFO] Val Dice: 0.0532
2026-07-09 18:02:15,774 [INFO] ✓ Best model! (+0.0024)

2026-07-09 18:02:17,661 [INFO] Epoch  11 | Batch   10/  89 | Loss: 0.5519
2026-07-09 18:02:19,483 [INFO] Epoch  11 | Batch   20/  89 | Loss: 0.6357
2026-07-09 18:02:21,299 [INFO] Epoch  11 | Batch   30/  89 | Loss: 0.8825
2026-07-09 18:02:23,123 [INFO] Epoch  11 | Batch   40/  89 | Loss: 0.4950
2026-07-09 18:02:24,946 [INFO] Epoch  11 | Batch   50/  89 | Loss: 0.5741
2026-07-09 18:02:26,771 [INFO] Epoch  11 | Batch   60/  89 | Loss: 0.5936
2026-07-09 18:02:28,595 [INFO] Epoch  11 | Batch   70/  89 | Loss: 0.5919
2026-07-09 18:02:30,416 [INFO] Epoch  11 | Batch   80/  89 | Loss: 0.5262
2026-07-09 18:02:34,562 [INFO] Val Dice: 0.0489
2026-07-09 18:02:34,562 [INFO] No improvement (1/15)

2026-07-09 18:02:36,412 [INFO] Epoch  12 | Batch   10/  89 | Loss: 0.6617
2026-07-09 18:02:38,230 [INFO] Epoch  12 | Batch   20/  89 | Loss: 0.5783
2026-07-09 18:02:40,051 [INFO] Epoch  12 | Batch   30/  89 | Loss: 0.6610
2026-07-09 18:02:41,869 [INFO] Epoch  12 | Batch   40/  89 | Loss: 0.5146
2026-07-09 18:02:43,686 [INFO] Epoch  12 | Batch   50/  89 | Loss: 0.7065
2026-07-09 18:02:45,503 [INFO] Epoch  12 | Batch   60/  89 | Loss: 0.5809
2026-07-09 18:02:47,318 [INFO] Epoch  12 | Batch   70/  89 | Loss: 0.7908
2026-07-09 18:02:49,133 [INFO] Epoch  12 | Batch   80/  89 | Loss: 0.8721
2026-07-09 18:02:53,277 [INFO] Val Dice: 0.0518
2026-07-09 18:02:53,277 [INFO] No improvement (2/15)

2026-07-09 18:02:55,139 [INFO] Epoch  13 | Batch   10/  89 | Loss: 0.5512
2026-07-09 18:02:56,957 [INFO] Epoch  13 | Batch   20/  89 | Loss: 0.6801
2026-07-09 18:02:58,773 [INFO] Epoch  13 | Batch   30/  89 | Loss: 0.5763
2026-07-09 18:03:00,590 [INFO] Epoch  13 | Batch   40/  89 | Loss: 0.5893
2026-07-09 18:03:02,408 [INFO] Epoch  13 | Batch   50/  89 | Loss: 0.5767
2026-07-09 18:03:04,226 [INFO] Epoch  13 | Batch   60/  89 | Loss: 0.5004
2026-07-09 18:03:06,043 [INFO] Epoch  13 | Batch   70/  89 | Loss: 0.8197
2026-07-09 18:03:07,859 [INFO] Epoch  13 | Batch   80/  89 | Loss: 0.5952
2026-07-09 18:03:12,007 [INFO] Val Dice: 0.0526
2026-07-09 18:03:12,008 [INFO] No improvement (3/15)

2026-07-09 18:03:13,868 [INFO] Epoch  14 | Batch   10/  89 | Loss: 0.5931
2026-07-09 18:03:15,691 [INFO] Epoch  14 | Batch   20/  89 | Loss: 0.9327
2026-07-09 18:03:17,512 [INFO] Epoch  14 | Batch   30/  89 | Loss: 0.6213
2026-07-09 18:03:19,336 [INFO] Epoch  14 | Batch   40/  89 | Loss: 0.5245
2026-07-09 18:03:21,156 [INFO] Epoch  14 | Batch   50/  89 | Loss: 0.5260
2026-07-09 18:03:22,980 [INFO] Epoch  14 | Batch   60/  89 | Loss: 0.8461
2026-07-09 18:03:24,802 [INFO] Epoch  14 | Batch   70/  89 | Loss: 0.6311
2026-07-09 18:03:26,624 [INFO] Epoch  14 | Batch   80/  89 | Loss: 0.5183
2026-07-09 18:03:31,485 [INFO] Val Dice: 0.0588
2026-07-09 18:03:31,485 [INFO] ✓ Best model! (+0.0057)

2026-07-09 18:03:33,385 [INFO] Epoch  15 | Batch   10/  89 | Loss: 0.5924
2026-07-09 18:03:35,221 [INFO] Epoch  15 | Batch   20/  89 | Loss: 0.5291
2026-07-09 18:03:37,055 [INFO] Epoch  15 | Batch   30/  89 | Loss: 0.5722
2026-07-09 18:03:38,873 [INFO] Epoch  15 | Batch   40/  89 | Loss: 0.6840
2026-07-09 18:03:40,694 [INFO] Epoch  15 | Batch   50/  89 | Loss: 0.5577
2026-07-09 18:03:42,516 [INFO] Epoch  15 | Batch   60/  89 | Loss: 0.7067
2026-07-09 18:03:44,331 [INFO] Epoch  15 | Batch   70/  89 | Loss: 0.5977
2026-07-09 18:03:46,156 [INFO] Epoch  15 | Batch   80/  89 | Loss: 0.5301
2026-07-09 18:03:50,314 [INFO] Val Dice: 0.0688
2026-07-09 18:03:50,315 [INFO] ✓ Best model! (+0.0099)

2026-07-09 18:03:52,187 [INFO] Epoch  16 | Batch   10/  89 | Loss: 0.4934
2026-07-09 18:03:54,005 [INFO] Epoch  16 | Batch   20/  89 | Loss: 0.5103
2026-07-09 18:03:55,825 [INFO] Epoch  16 | Batch   30/  89 | Loss: 0.8192
2026-07-09 18:03:57,648 [INFO] Epoch  16 | Batch   40/  89 | Loss: 0.5459
2026-07-09 18:03:59,468 [INFO] Epoch  16 | Batch   50/  89 | Loss: 0.5010
2026-07-09 18:04:01,283 [INFO] Epoch  16 | Batch   60/  89 | Loss: 0.5274
2026-07-09 18:04:03,103 [INFO] Epoch  16 | Batch   70/  89 | Loss: 0.6210
2026-07-09 18:04:04,923 [INFO] Epoch  16 | Batch   80/  89 | Loss: 0.6500
2026-07-09 18:04:09,081 [INFO] Val Dice: 0.0706
2026-07-09 18:04:09,081 [INFO] ✓ Best model! (+0.0018)

2026-07-09 18:04:10,952 [INFO] Epoch  17 | Batch   10/  89 | Loss: 0.7513
2026-07-09 18:04:12,774 [INFO] Epoch  17 | Batch   20/  89 | Loss: 0.5269
2026-07-09 18:04:14,592 [INFO] Epoch  17 | Batch   30/  89 | Loss: 0.6595
2026-07-09 18:04:16,411 [INFO] Epoch  17 | Batch   40/  89 | Loss: 0.7059
2026-07-09 18:04:18,229 [INFO] Epoch  17 | Batch   50/  89 | Loss: 0.4889
2026-07-09 18:04:20,057 [INFO] Epoch  17 | Batch   60/  89 | Loss: 0.5590
2026-07-09 18:04:21,887 [INFO] Epoch  17 | Batch   70/  89 | Loss: 0.5463
2026-07-09 18:04:23,730 [INFO] Epoch  17 | Batch   80/  89 | Loss: 0.4858
2026-07-09 18:04:27,912 [INFO] Val Dice: 0.0723
2026-07-09 18:04:27,913 [INFO] ✓ Best model! (+0.0017)

2026-07-09 18:04:29,794 [INFO] Epoch  18 | Batch   10/  89 | Loss: 0.6657
2026-07-09 18:04:31,629 [INFO] Epoch  18 | Batch   20/  89 | Loss: 0.6488
2026-07-09 18:04:33,464 [INFO] Epoch  18 | Batch   30/  89 | Loss: 0.6572
2026-07-09 18:04:35,297 [INFO] Epoch  18 | Batch   40/  89 | Loss: 0.7598
2026-07-09 18:04:37,125 [INFO] Epoch  18 | Batch   50/  89 | Loss: 0.8651
2026-07-09 18:04:38,947 [INFO] Epoch  18 | Batch   60/  89 | Loss: 0.4895
2026-07-09 18:04:40,770 [INFO] Epoch  18 | Batch   70/  89 | Loss: 0.7254
2026-07-09 18:04:42,587 [INFO] Epoch  18 | Batch   80/  89 | Loss: 0.4966
2026-07-09 18:04:47,480 [INFO] Val Dice: 0.0736
2026-07-09 18:04:47,481 [INFO] ✓ Best model! (+0.0013)

2026-07-09 18:04:49,362 [INFO] Epoch  19 | Batch   10/  89 | Loss: 0.9215
2026-07-09 18:04:51,190 [INFO] Epoch  19 | Batch   20/  89 | Loss: 0.4738
2026-07-09 18:04:53,024 [INFO] Epoch  19 | Batch   30/  89 | Loss: 0.7778
2026-07-09 18:04:54,855 [INFO] Epoch  19 | Batch   40/  89 | Loss: 0.5220
2026-07-09 18:04:56,685 [INFO] Epoch  19 | Batch   50/  89 | Loss: 0.6694
2026-07-09 18:04:58,515 [INFO] Epoch  19 | Batch   60/  89 | Loss: 0.5194
2026-07-09 18:05:00,345 [INFO] Epoch  19 | Batch   70/  89 | Loss: 0.6801
2026-07-09 18:05:02,177 [INFO] Epoch  19 | Batch   80/  89 | Loss: 0.5715
2026-07-09 18:05:06,328 [INFO] Val Dice: 0.0770
2026-07-09 18:05:06,328 [INFO] ✓ Best model! (+0.0034)

2026-07-09 18:05:08,202 [INFO] Epoch  20 | Batch   10/  89 | Loss: 0.6587
2026-07-09 18:05:10,005 [INFO] Epoch  20 | Batch   20/  89 | Loss: 0.6012
2026-07-09 18:05:11,811 [INFO] Epoch  20 | Batch   30/  89 | Loss: 0.7664
2026-07-09 18:05:13,616 [INFO] Epoch  20 | Batch   40/  89 | Loss: 0.4951
2026-07-09 18:05:15,420 [INFO] Epoch  20 | Batch   50/  89 | Loss: 0.6875
2026-07-09 18:05:17,221 [INFO] Epoch  20 | Batch   60/  89 | Loss: 0.5270
2026-07-09 18:05:19,024 [INFO] Epoch  20 | Batch   70/  89 | Loss: 0.5125
2026-07-09 18:05:20,826 [INFO] Epoch  20 | Batch   80/  89 | Loss: 0.5704
2026-07-09 18:05:25,400 [INFO] Val Dice: 0.0783
2026-07-09 18:05:25,400 [INFO] ✓ Best model! (+0.0013)

2026-07-09 18:05:27,275 [INFO] Epoch  21 | Batch   10/  89 | Loss: 0.4916
2026-07-09 18:05:29,102 [INFO] Epoch  21 | Batch   20/  89 | Loss: 0.5394
2026-07-09 18:05:30,926 [INFO] Epoch  21 | Batch   30/  89 | Loss: 0.5731
2026-07-09 18:05:32,755 [INFO] Epoch  21 | Batch   40/  89 | Loss: 0.5074
2026-07-09 18:05:34,579 [INFO] Epoch  21 | Batch   50/  89 | Loss: 0.5036
2026-07-09 18:05:36,404 [INFO] Epoch  21 | Batch   60/  89 | Loss: 0.5031
2026-07-09 18:05:38,229 [INFO] Epoch  21 | Batch   70/  89 | Loss: 0.4976
2026-07-09 18:05:40,059 [INFO] Epoch  21 | Batch   80/  89 | Loss: 0.5446
2026-07-09 18:05:44,198 [INFO] Val Dice: 0.0848
2026-07-09 18:05:44,198 [INFO] ✓ Best model! (+0.0065)

2026-07-09 18:05:46,065 [INFO] Epoch  22 | Batch   10/  89 | Loss: 0.5057
2026-07-09 18:05:47,877 [INFO] Epoch  22 | Batch   20/  89 | Loss: 0.5715
2026-07-09 18:05:49,683 [INFO] Epoch  22 | Batch   30/  89 | Loss: 0.6758
2026-07-09 18:05:51,490 [INFO] Epoch  22 | Batch   40/  89 | Loss: 0.4985
2026-07-09 18:05:53,297 [INFO] Epoch  22 | Batch   50/  89 | Loss: 0.5185
2026-07-09 18:05:55,102 [INFO] Epoch  22 | Batch   60/  89 | Loss: 0.5557
2026-07-09 18:05:56,910 [INFO] Epoch  22 | Batch   70/  89 | Loss: 0.4741
2026-07-09 18:05:58,716 [INFO] Epoch  22 | Batch   80/  89 | Loss: 0.4603
2026-07-09 18:06:02,867 [INFO] Val Dice: 0.0820
2026-07-09 18:06:02,867 [INFO] No improvement (1/15)

2026-07-09 18:06:04,722 [INFO] Epoch  23 | Batch   10/  89 | Loss: 0.5580
2026-07-09 18:06:06,536 [INFO] Epoch  23 | Batch   20/  89 | Loss: 0.5916
2026-07-09 18:06:08,351 [INFO] Epoch  23 | Batch   30/  89 | Loss: 0.4790
2026-07-09 18:06:10,164 [INFO] Epoch  23 | Batch   40/  89 | Loss: 0.5216
2026-07-09 18:06:11,977 [INFO] Epoch  23 | Batch   50/  89 | Loss: 0.4932
2026-07-09 18:06:13,790 [INFO] Epoch  23 | Batch   60/  89 | Loss: 0.4868
2026-07-09 18:06:15,602 [INFO] Epoch  23 | Batch   70/  89 | Loss: 0.5639
2026-07-09 18:06:17,419 [INFO] Epoch  23 | Batch   80/  89 | Loss: 0.5402
2026-07-09 18:06:21,564 [INFO] Val Dice: 0.0851
2026-07-09 18:06:21,564 [INFO] No improvement (2/15)

2026-07-09 18:06:23,429 [INFO] Epoch  24 | Batch   10/  89 | Loss: 0.5193
2026-07-09 18:06:25,256 [INFO] Epoch  24 | Batch   20/  89 | Loss: 0.4825
2026-07-09 18:06:27,081 [INFO] Epoch  24 | Batch   30/  89 | Loss: 0.5793
2026-07-09 18:06:28,905 [INFO] Epoch  24 | Batch   40/  89 | Loss: 0.5305
2026-07-09 18:06:30,730 [INFO] Epoch  24 | Batch   50/  89 | Loss: 0.6921
2026-07-09 18:06:32,555 [INFO] Epoch  24 | Batch   60/  89 | Loss: 0.4782
2026-07-09 18:06:34,381 [INFO] Epoch  24 | Batch   70/  89 | Loss: 0.4784
2026-07-09 18:06:36,206 [INFO] Epoch  24 | Batch   80/  89 | Loss: 0.5153
2026-07-09 18:06:40,348 [INFO] Val Dice: 0.0908
2026-07-09 18:06:40,348 [INFO] ✓ Best model! (+0.0060)

2026-07-09 18:06:42,224 [INFO] Epoch  25 | Batch   10/  89 | Loss: 0.5416
2026-07-09 18:06:44,035 [INFO] Epoch  25 | Batch   20/  89 | Loss: 0.5072
2026-07-09 18:06:45,850 [INFO] Epoch  25 | Batch   30/  89 | Loss: 0.4967
2026-07-09 18:06:47,666 [INFO] Epoch  25 | Batch   40/  89 | Loss: 0.5793
2026-07-09 18:06:49,475 [INFO] Epoch  25 | Batch   50/  89 | Loss: 0.5825
2026-07-09 18:06:51,287 [INFO] Epoch  25 | Batch   60/  89 | Loss: 0.7959
2026-07-09 18:06:53,114 [INFO] Epoch  25 | Batch   70/  89 | Loss: 0.6128
2026-07-09 18:06:54,940 [INFO] Epoch  25 | Batch   80/  89 | Loss: 0.8238
2026-07-09 18:06:59,084 [INFO] Val Dice: 0.0934
2026-07-09 18:06:59,084 [INFO] ✓ Best model! (+0.0026)

2026-07-09 18:07:00,944 [INFO] Epoch  26 | Batch   10/  89 | Loss: 0.4790
2026-07-09 18:07:02,755 [INFO] Epoch  26 | Batch   20/  89 | Loss: 0.5204
2026-07-09 18:07:04,566 [INFO] Epoch  26 | Batch   30/  89 | Loss: 0.9026
2026-07-09 18:07:06,376 [INFO] Epoch  26 | Batch   40/  89 | Loss: 0.5285
2026-07-09 18:07:08,185 [INFO] Epoch  26 | Batch   50/  89 | Loss: 0.7698
2026-07-09 18:07:09,995 [INFO] Epoch  26 | Batch   60/  89 | Loss: 0.4469
2026-07-09 18:07:11,805 [INFO] Epoch  26 | Batch   70/  89 | Loss: 0.6639
2026-07-09 18:07:13,616 [INFO] Epoch  26 | Batch   80/  89 | Loss: 0.5335
2026-07-09 18:07:17,752 [INFO] Val Dice: 0.0933
2026-07-09 18:07:17,752 [INFO] No improvement (1/15)

2026-07-09 18:07:19,596 [INFO] Epoch  27 | Batch   10/  89 | Loss: 0.4917
2026-07-09 18:07:21,412 [INFO] Epoch  27 | Batch   20/  89 | Loss: 0.4916
2026-07-09 18:07:23,224 [INFO] Epoch  27 | Batch   30/  89 | Loss: 0.4920
2026-07-09 18:07:25,039 [INFO] Epoch  27 | Batch   40/  89 | Loss: 0.4773
2026-07-09 18:07:26,857 [INFO] Epoch  27 | Batch   50/  89 | Loss: 0.6703
2026-07-09 18:07:28,672 [INFO] Epoch  27 | Batch   60/  89 | Loss: 0.6222
2026-07-09 18:07:30,494 [INFO] Epoch  27 | Batch   70/  89 | Loss: 0.5709
2026-07-09 18:07:32,306 [INFO] Epoch  27 | Batch   80/  89 | Loss: 0.4746
2026-07-09 18:07:36,996 [INFO] Val Dice: 0.0993
2026-07-09 18:07:36,997 [INFO] ✓ Best model! (+0.0058)

2026-07-09 18:07:38,873 [INFO] Epoch  28 | Batch   10/  89 | Loss: 0.5033
2026-07-09 18:07:40,680 [INFO] Epoch  28 | Batch   20/  89 | Loss: 0.4856
2026-07-09 18:07:42,490 [INFO] Epoch  28 | Batch   30/  89 | Loss: 0.6100
2026-07-09 18:07:44,299 [INFO] Epoch  28 | Batch   40/  89 | Loss: 0.6382
2026-07-09 18:07:46,107 [INFO] Epoch  28 | Batch   50/  89 | Loss: 0.4847
2026-07-09 18:07:47,916 [INFO] Epoch  28 | Batch   60/  89 | Loss: 0.6269
2026-07-09 18:07:49,723 [INFO] Epoch  28 | Batch   70/  89 | Loss: 0.5459
2026-07-09 18:07:51,536 [INFO] Epoch  28 | Batch   80/  89 | Loss: 0.4383
2026-07-09 18:07:56,487 [INFO] Val Dice: 0.0991
2026-07-09 18:07:56,487 [INFO] No improvement (1/15)

2026-07-09 18:07:58,334 [INFO] Epoch  29 | Batch   10/  89 | Loss: 0.9920
2026-07-09 18:08:00,142 [INFO] Epoch  29 | Batch   20/  89 | Loss: 0.4816
2026-07-09 18:08:01,950 [INFO] Epoch  29 | Batch   30/  89 | Loss: 0.4934
2026-07-09 18:08:03,756 [INFO] Epoch  29 | Batch   40/  89 | Loss: 0.4606
2026-07-09 18:08:05,565 [INFO] Epoch  29 | Batch   50/  89 | Loss: 0.5491
2026-07-09 18:08:07,372 [INFO] Epoch  29 | Batch   60/  89 | Loss: 0.4422
2026-07-09 18:08:09,181 [INFO] Epoch  29 | Batch   70/  89 | Loss: 0.5213
2026-07-09 18:08:10,987 [INFO] Epoch  29 | Batch   80/  89 | Loss: 0.4500
2026-07-09 18:08:15,116 [INFO] Val Dice: 0.1048
2026-07-09 18:08:15,117 [INFO] ✓ Best model! (+0.0055)

2026-07-09 18:08:16,981 [INFO] Epoch  30 | Batch   10/  89 | Loss: 0.5029
2026-07-09 18:08:18,787 [INFO] Epoch  30 | Batch   20/  89 | Loss: 0.5865
2026-07-09 18:08:20,593 [INFO] Epoch  30 | Batch   30/  89 | Loss: 0.4882
2026-07-09 18:08:22,395 [INFO] Epoch  30 | Batch   40/  89 | Loss: 0.6337
2026-07-09 18:08:24,204 [INFO] Epoch  30 | Batch   50/  89 | Loss: 0.4990
2026-07-09 18:08:26,008 [INFO] Epoch  30 | Batch   60/  89 | Loss: 0.4415
2026-07-09 18:08:27,813 [INFO] Epoch  30 | Batch   70/  89 | Loss: 0.4699
2026-07-09 18:08:29,619 [INFO] Epoch  30 | Batch   80/  89 | Loss: 0.4714
2026-07-09 18:08:34,531 [INFO] Val Dice: 0.1081
2026-07-09 18:08:34,531 [INFO] ✓ Best model! (+0.0032)

2026-07-09 18:08:36,395 [INFO] Epoch  31 | Batch   10/  89 | Loss: 0.4836
2026-07-09 18:08:38,203 [INFO] Epoch  31 | Batch   20/  89 | Loss: 0.4842
2026-07-09 18:08:40,021 [INFO] Epoch  31 | Batch   30/  89 | Loss: 0.4667
2026-07-09 18:08:41,845 [INFO] Epoch  31 | Batch   40/  89 | Loss: 0.4732
2026-07-09 18:08:43,665 [INFO] Epoch  31 | Batch   50/  89 | Loss: 0.4682
2026-07-09 18:08:45,478 [INFO] Epoch  31 | Batch   60/  89 | Loss: 0.4719
2026-07-09 18:08:47,308 [INFO] Epoch  31 | Batch   70/  89 | Loss: 0.4781
2026-07-09 18:08:49,129 [INFO] Epoch  31 | Batch   80/  89 | Loss: 0.5002
2026-07-09 18:08:53,256 [INFO] Val Dice: 0.1093
2026-07-09 18:08:53,256 [INFO] ✓ Best model! (+0.0012)

2026-07-09 18:08:55,116 [INFO] Epoch  32 | Batch   10/  89 | Loss: 0.4821
2026-07-09 18:08:56,930 [INFO] Epoch  32 | Batch   20/  89 | Loss: 0.4901
2026-07-09 18:08:58,744 [INFO] Epoch  32 | Batch   30/  89 | Loss: 0.6924
2026-07-09 18:09:00,553 [INFO] Epoch  32 | Batch   40/  89 | Loss: 0.4935
2026-07-09 18:09:02,364 [INFO] Epoch  32 | Batch   50/  89 | Loss: 0.5719
2026-07-09 18:09:04,174 [INFO] Epoch  32 | Batch   60/  89 | Loss: 0.4695
2026-07-09 18:09:05,982 [INFO] Epoch  32 | Batch   70/  89 | Loss: 0.6944
2026-07-09 18:09:07,792 [INFO] Epoch  32 | Batch   80/  89 | Loss: 0.4596
2026-07-09 18:09:11,940 [INFO] Val Dice: 0.1108
2026-07-09 18:09:11,940 [INFO] ✓ Best model! (+0.0015)

2026-07-09 18:09:13,807 [INFO] Epoch  33 | Batch   10/  89 | Loss: 0.4874
2026-07-09 18:09:15,619 [INFO] Epoch  33 | Batch   20/  89 | Loss: 0.4923
2026-07-09 18:09:17,431 [INFO] Epoch  33 | Batch   30/  89 | Loss: 0.6608
2026-07-09 18:09:19,238 [INFO] Epoch  33 | Batch   40/  89 | Loss: 0.4613
2026-07-09 18:09:21,050 [INFO] Epoch  33 | Batch   50/  89 | Loss: 0.5135
2026-07-09 18:09:22,861 [INFO] Epoch  33 | Batch   60/  89 | Loss: 0.5329
2026-07-09 18:09:24,674 [INFO] Epoch  33 | Batch   70/  89 | Loss: 0.4711
2026-07-09 18:09:26,484 [INFO] Epoch  33 | Batch   80/  89 | Loss: 0.4527
2026-07-09 18:09:30,613 [INFO] Val Dice: 0.1143
2026-07-09 18:09:30,613 [INFO] ✓ Best model! (+0.0035)

2026-07-09 18:09:32,474 [INFO] Epoch  34 | Batch   10/  89 | Loss: 0.4994
2026-07-09 18:09:34,284 [INFO] Epoch  34 | Batch   20/  89 | Loss: 0.4479
2026-07-09 18:09:36,093 [INFO] Epoch  34 | Batch   30/  89 | Loss: 0.4725
2026-07-09 18:09:37,898 [INFO] Epoch  34 | Batch   40/  89 | Loss: 0.4704
2026-07-09 18:09:39,714 [INFO] Epoch  34 | Batch   50/  89 | Loss: 0.4640
2026-07-09 18:09:41,525 [INFO] Epoch  34 | Batch   60/  89 | Loss: 0.5799
2026-07-09 18:09:43,336 [INFO] Epoch  34 | Batch   70/  89 | Loss: 0.4350
2026-07-09 18:09:45,147 [INFO] Epoch  34 | Batch   80/  89 | Loss: 0.5148
2026-07-09 18:09:49,268 [INFO] Val Dice: 0.1100
2026-07-09 18:09:49,269 [INFO] No improvement (1/15)

2026-07-09 18:09:51,124 [INFO] Epoch  35 | Batch   10/  89 | Loss: 0.4726
2026-07-09 18:09:52,923 [INFO] Epoch  35 | Batch   20/  89 | Loss: 0.7129
2026-07-09 18:09:54,724 [INFO] Epoch  35 | Batch   30/  89 | Loss: 0.4607
2026-07-09 18:09:56,525 [INFO] Epoch  35 | Batch   40/  89 | Loss: 0.4763
2026-07-09 18:09:58,323 [INFO] Epoch  35 | Batch   50/  89 | Loss: 0.4676
2026-07-09 18:10:00,123 [INFO] Epoch  35 | Batch   60/  89 | Loss: 0.5001
2026-07-09 18:10:01,924 [INFO] Epoch  35 | Batch   70/  89 | Loss: 0.4501
2026-07-09 18:10:03,723 [INFO] Epoch  35 | Batch   80/  89 | Loss: 0.4806
2026-07-09 18:10:07,833 [INFO] Val Dice: 0.1157
2026-07-09 18:10:07,833 [INFO] ✓ Best model! (+0.0015)

2026-07-09 18:10:09,695 [INFO] Epoch  36 | Batch   10/  89 | Loss: 0.4136
2026-07-09 18:10:11,511 [INFO] Epoch  36 | Batch   20/  89 | Loss: 0.6673
2026-07-09 18:10:13,334 [INFO] Epoch  36 | Batch   30/  89 | Loss: 0.6847
2026-07-09 18:10:15,156 [INFO] Epoch  36 | Batch   40/  89 | Loss: 0.4660
2026-07-09 18:10:16,980 [INFO] Epoch  36 | Batch   50/  89 | Loss: 0.4321
2026-07-09 18:10:18,803 [INFO] Epoch  36 | Batch   60/  89 | Loss: 0.4200
2026-07-09 18:10:20,626 [INFO] Epoch  36 | Batch   70/  89 | Loss: 0.5364
2026-07-09 18:10:22,449 [INFO] Epoch  36 | Batch   80/  89 | Loss: 0.5062
2026-07-09 18:10:26,563 [INFO] Val Dice: 0.1168
2026-07-09 18:10:26,564 [INFO] ✓ Best model! (+0.0010)

2026-07-09 18:10:28,434 [INFO] Epoch  37 | Batch   10/  89 | Loss: 0.5747
2026-07-09 18:10:30,237 [INFO] Epoch  37 | Batch   20/  89 | Loss: 0.4689
2026-07-09 18:10:32,044 [INFO] Epoch  37 | Batch   30/  89 | Loss: 0.4701
2026-07-09 18:10:33,849 [INFO] Epoch  37 | Batch   40/  89 | Loss: 0.4779
2026-07-09 18:10:35,654 [INFO] Epoch  37 | Batch   50/  89 | Loss: 0.4906
2026-07-09 18:10:37,456 [INFO] Epoch  37 | Batch   60/  89 | Loss: 0.4949
2026-07-09 18:10:39,261 [INFO] Epoch  37 | Batch   70/  89 | Loss: 0.4743
2026-07-09 18:10:41,066 [INFO] Epoch  37 | Batch   80/  89 | Loss: 0.4536
2026-07-09 18:10:45,208 [INFO] Val Dice: 0.1189
2026-07-09 18:10:45,208 [INFO] ✓ Best model! (+0.0021)

2026-07-09 18:10:47,078 [INFO] Epoch  38 | Batch   10/  89 | Loss: 0.4985
2026-07-09 18:10:48,896 [INFO] Epoch  38 | Batch   20/  89 | Loss: 0.4891
2026-07-09 18:10:50,708 [INFO] Epoch  38 | Batch   30/  89 | Loss: 0.4778
2026-07-09 18:10:52,520 [INFO] Epoch  38 | Batch   40/  89 | Loss: 0.5116
2026-07-09 18:10:54,329 [INFO] Epoch  38 | Batch   50/  89 | Loss: 0.4698
2026-07-09 18:10:56,144 [INFO] Epoch  38 | Batch   60/  89 | Loss: 0.4526
2026-07-09 18:10:57,953 [INFO] Epoch  38 | Batch   70/  89 | Loss: 0.4481
2026-07-09 18:10:59,762 [INFO] Epoch  38 | Batch   80/  89 | Loss: 0.4797
2026-07-09 18:11:03,899 [INFO] Val Dice: 0.1191
2026-07-09 18:11:03,899 [INFO] No improvement (1/15)

2026-07-09 18:11:05,742 [INFO] Epoch  39 | Batch   10/  89 | Loss: 0.4568
2026-07-09 18:11:07,550 [INFO] Epoch  39 | Batch   20/  89 | Loss: 0.4927
2026-07-09 18:11:09,362 [INFO] Epoch  39 | Batch   30/  89 | Loss: 0.4718
2026-07-09 18:11:11,173 [INFO] Epoch  39 | Batch   40/  89 | Loss: 0.5302
2026-07-09 18:11:12,981 [INFO] Epoch  39 | Batch   50/  89 | Loss: 0.5229
2026-07-09 18:11:14,790 [INFO] Epoch  39 | Batch   60/  89 | Loss: 0.4772
2026-07-09 18:11:16,600 [INFO] Epoch  39 | Batch   70/  89 | Loss: 0.4583
2026-07-09 18:11:18,411 [INFO] Epoch  39 | Batch   80/  89 | Loss: 0.5080
2026-07-09 18:11:22,542 [INFO] Val Dice: 0.1212
2026-07-09 18:11:22,542 [INFO] ✓ Best model! (+0.0023)

2026-07-09 18:11:24,406 [INFO] Epoch  40 | Batch   10/  89 | Loss: 0.4580
2026-07-09 18:11:26,217 [INFO] Epoch  40 | Batch   20/  89 | Loss: 0.4252
2026-07-09 18:11:28,025 [INFO] Epoch  40 | Batch   30/  89 | Loss: 0.4814
2026-07-09 18:11:29,829 [INFO] Epoch  40 | Batch   40/  89 | Loss: 0.4761
2026-07-09 18:11:31,635 [INFO] Epoch  40 | Batch   50/  89 | Loss: 0.4476
2026-07-09 18:11:33,442 [INFO] Epoch  40 | Batch   60/  89 | Loss: 0.6081
2026-07-09 18:11:35,250 [INFO] Epoch  40 | Batch   70/  89 | Loss: 0.4571
2026-07-09 18:11:37,055 [INFO] Epoch  40 | Batch   80/  89 | Loss: 0.5052
2026-07-09 18:11:41,188 [INFO] Val Dice: 0.1219
2026-07-09 18:11:41,188 [INFO] No improvement (1/15)

2026-07-09 18:11:43,053 [INFO] Epoch  41 | Batch   10/  89 | Loss: 0.4496
2026-07-09 18:11:44,874 [INFO] Epoch  41 | Batch   20/  89 | Loss: 0.4339
2026-07-09 18:11:46,697 [INFO] Epoch  41 | Batch   30/  89 | Loss: 0.5222
2026-07-09 18:11:48,522 [INFO] Epoch  41 | Batch   40/  89 | Loss: 0.5417
2026-07-09 18:11:50,324 [INFO] Epoch  41 | Batch   50/  89 | Loss: 0.4801
2026-07-09 18:11:52,132 [INFO] Epoch  41 | Batch   60/  89 | Loss: 0.4983
2026-07-09 18:11:53,941 [INFO] Epoch  41 | Batch   70/  89 | Loss: 0.5120
2026-07-09 18:11:55,745 [INFO] Epoch  41 | Batch   80/  89 | Loss: 0.4178
2026-07-09 18:11:59,875 [INFO] Val Dice: 0.1238
2026-07-09 18:11:59,875 [INFO] ✓ Best model! (+0.0026)

2026-07-09 18:12:01,736 [INFO] Epoch  42 | Batch   10/  89 | Loss: 0.5213
2026-07-09 18:12:03,544 [INFO] Epoch  42 | Batch   20/  89 | Loss: 0.3983
2026-07-09 18:12:05,344 [INFO] Epoch  42 | Batch   30/  89 | Loss: 0.4664
2026-07-09 18:12:07,152 [INFO] Epoch  42 | Batch   40/  89 | Loss: 0.4348
2026-07-09 18:12:08,957 [INFO] Epoch  42 | Batch   50/  89 | Loss: 0.4956
2026-07-09 18:12:10,761 [INFO] Epoch  42 | Batch   60/  89 | Loss: 0.5295
2026-07-09 18:12:12,568 [INFO] Epoch  42 | Batch   70/  89 | Loss: 0.4522
2026-07-09 18:12:14,373 [INFO] Epoch  42 | Batch   80/  89 | Loss: 0.5195
2026-07-09 18:12:18,497 [INFO] Val Dice: 0.1266
2026-07-09 18:12:18,498 [INFO] ✓ Best model! (+0.0028)

2026-07-09 18:12:20,359 [INFO] Epoch  43 | Batch   10/  89 | Loss: 0.5297
2026-07-09 18:12:22,166 [INFO] Epoch  43 | Batch   20/  89 | Loss: 0.4171
2026-07-09 18:12:23,974 [INFO] Epoch  43 | Batch   30/  89 | Loss: 0.4409
2026-07-09 18:12:25,783 [INFO] Epoch  43 | Batch   40/  89 | Loss: 0.4830
2026-07-09 18:12:27,593 [INFO] Epoch  43 | Batch   50/  89 | Loss: 0.4522
2026-07-09 18:12:29,401 [INFO] Epoch  43 | Batch   60/  89 | Loss: 0.4401
2026-07-09 18:12:31,211 [INFO] Epoch  43 | Batch   70/  89 | Loss: 0.6026
2026-07-09 18:12:33,021 [INFO] Epoch  43 | Batch   80/  89 | Loss: 0.4605
2026-07-09 18:12:37,166 [INFO] Val Dice: 0.1268
2026-07-09 18:12:37,166 [INFO] No improvement (1/15)

2026-07-09 18:12:39,007 [INFO] Epoch  44 | Batch   10/  89 | Loss: 0.7369
2026-07-09 18:12:40,811 [INFO] Epoch  44 | Batch   20/  89 | Loss: 0.4623
2026-07-09 18:12:42,615 [INFO] Epoch  44 | Batch   30/  89 | Loss: 0.4640
2026-07-09 18:12:44,419 [INFO] Epoch  44 | Batch   40/  89 | Loss: 0.5337
2026-07-09 18:12:46,223 [INFO] Epoch  44 | Batch   50/  89 | Loss: 0.4197
2026-07-09 18:12:48,028 [INFO] Epoch  44 | Batch   60/  89 | Loss: 0.5798
2026-07-09 18:12:49,835 [INFO] Epoch  44 | Batch   70/  89 | Loss: 0.4565
2026-07-09 18:12:51,645 [INFO] Epoch  44 | Batch   80/  89 | Loss: 0.4607
2026-07-09 18:12:55,777 [INFO] Val Dice: 0.1283
2026-07-09 18:12:55,778 [INFO] ✓ Best model! (+0.0018)

2026-07-09 18:12:57,653 [INFO] Epoch  45 | Batch   10/  89 | Loss: 0.4161
2026-07-09 18:12:59,459 [INFO] Epoch  45 | Batch   20/  89 | Loss: 0.4773
2026-07-09 18:13:01,263 [INFO] Epoch  45 | Batch   30/  89 | Loss: 0.4580
2026-07-09 18:13:03,068 [INFO] Epoch  45 | Batch   40/  89 | Loss: 0.5150
2026-07-09 18:13:04,878 [INFO] Epoch  45 | Batch   50/  89 | Loss: 0.4633
2026-07-09 18:13:06,689 [INFO] Epoch  45 | Batch   60/  89 | Loss: 0.4897
2026-07-09 18:13:08,496 [INFO] Epoch  45 | Batch   70/  89 | Loss: 0.4971
2026-07-09 18:13:10,304 [INFO] Epoch  45 | Batch   80/  89 | Loss: 0.4784
2026-07-09 18:13:14,419 [INFO] Val Dice: 0.1307
2026-07-09 18:13:14,419 [INFO] ✓ Best model! (+0.0023)

2026-07-09 18:13:16,280 [INFO] Epoch  46 | Batch   10/  89 | Loss: 0.4758
2026-07-09 18:13:18,087 [INFO] Epoch  46 | Batch   20/  89 | Loss: 0.4952
2026-07-09 18:13:19,891 [INFO] Epoch  46 | Batch   30/  89 | Loss: 0.6058
2026-07-09 18:13:21,699 [INFO] Epoch  46 | Batch   40/  89 | Loss: 0.4330
2026-07-09 18:13:23,502 [INFO] Epoch  46 | Batch   50/  89 | Loss: 0.5005
2026-07-09 18:13:25,311 [INFO] Epoch  46 | Batch   60/  89 | Loss: 0.5016
2026-07-09 18:13:27,118 [INFO] Epoch  46 | Batch   70/  89 | Loss: 0.4782
2026-07-09 18:13:28,924 [INFO] Epoch  46 | Batch   80/  89 | Loss: 0.4737
2026-07-09 18:13:33,066 [INFO] Val Dice: 0.1291
2026-07-09 18:13:33,066 [INFO] No improvement (1/15)

2026-07-09 18:13:34,918 [INFO] Epoch  47 | Batch   10/  89 | Loss: 0.4841
2026-07-09 18:13:36,728 [INFO] Epoch  47 | Batch   20/  89 | Loss: 0.4630
2026-07-09 18:13:38,542 [INFO] Epoch  47 | Batch   30/  89 | Loss: 0.4525
2026-07-09 18:13:40,353 [INFO] Epoch  47 | Batch   40/  89 | Loss: 0.4581
2026-07-09 18:13:42,164 [INFO] Epoch  47 | Batch   50/  89 | Loss: 0.5090
2026-07-09 18:13:43,978 [INFO] Epoch  47 | Batch   60/  89 | Loss: 0.4523
2026-07-09 18:13:45,788 [INFO] Epoch  47 | Batch   70/  89 | Loss: 0.4601
2026-07-09 18:13:47,598 [INFO] Epoch  47 | Batch   80/  89 | Loss: 0.4703
2026-07-09 18:13:51,729 [INFO] Val Dice: 0.1299
2026-07-09 18:13:51,730 [INFO] No improvement (2/15)

2026-07-09 18:13:53,580 [INFO] Epoch  48 | Batch   10/  89 | Loss: 0.4698
2026-07-09 18:13:55,403 [INFO] Epoch  48 | Batch   20/  89 | Loss: 0.4985
2026-07-09 18:13:57,228 [INFO] Epoch  48 | Batch   30/  89 | Loss: 0.4170
2026-07-09 18:13:59,050 [INFO] Epoch  48 | Batch   40/  89 | Loss: 0.4405
2026-07-09 18:14:00,876 [INFO] Epoch  48 | Batch   50/  89 | Loss: 0.3985
2026-07-09 18:14:02,699 [INFO] Epoch  48 | Batch   60/  89 | Loss: 0.4990
2026-07-09 18:14:04,520 [INFO] Epoch  48 | Batch   70/  89 | Loss: 0.4831
2026-07-09 18:14:06,345 [INFO] Epoch  48 | Batch   80/  89 | Loss: 0.4862
2026-07-09 18:14:10,471 [INFO] Val Dice: 0.1311
2026-07-09 18:14:10,472 [INFO] No improvement (3/15)

2026-07-09 18:14:12,328 [INFO] Epoch  49 | Batch   10/  89 | Loss: 0.5223
2026-07-09 18:14:14,148 [INFO] Epoch  49 | Batch   20/  89 | Loss: 0.4331
2026-07-09 18:14:15,971 [INFO] Epoch  49 | Batch   30/  89 | Loss: 0.4564
2026-07-09 18:14:17,795 [INFO] Epoch  49 | Batch   40/  89 | Loss: 0.4772
2026-07-09 18:14:19,616 [INFO] Epoch  49 | Batch   50/  89 | Loss: 1.1336
2026-07-09 18:14:21,437 [INFO] Epoch  49 | Batch   60/  89 | Loss: 0.4869
2026-07-09 18:14:23,258 [INFO] Epoch  49 | Batch   70/  89 | Loss: 0.4407
2026-07-09 18:14:25,083 [INFO] Epoch  49 | Batch   80/  89 | Loss: 0.4553
2026-07-09 18:14:29,215 [INFO] Val Dice: 0.1328
2026-07-09 18:14:29,215 [INFO] ✓ Best model! (+0.0022)

2026-07-09 18:14:31,084 [INFO] Epoch  50 | Batch   10/  89 | Loss: 0.4540
2026-07-09 18:14:32,890 [INFO] Epoch  50 | Batch   20/  89 | Loss: 0.5520
2026-07-09 18:14:34,695 [INFO] Epoch  50 | Batch   30/  89 | Loss: 0.4994
2026-07-09 18:14:36,498 [INFO] Epoch  50 | Batch   40/  89 | Loss: 0.4520
2026-07-09 18:14:38,302 [INFO] Epoch  50 | Batch   50/  89 | Loss: 0.4844
2026-07-09 18:14:40,109 [INFO] Epoch  50 | Batch   60/  89 | Loss: 0.5074
2026-07-09 18:14:41,916 [INFO] Epoch  50 | Batch   70/  89 | Loss: 0.4286
2026-07-09 18:14:43,729 [INFO] Epoch  50 | Batch   80/  89 | Loss: 0.4248
2026-07-09 18:14:47,990 [INFO] Val Dice: 0.1311
2026-07-09 18:14:47,991 [INFO] No improvement (1/15)

2026-07-09 18:14:49,849 [INFO] Epoch  51 | Batch   10/  89 | Loss: 0.4702
2026-07-09 18:14:51,662 [INFO] Epoch  51 | Batch   20/  89 | Loss: 0.4745
2026-07-09 18:14:53,472 [INFO] Epoch  51 | Batch   30/  89 | Loss: 0.4783
2026-07-09 18:14:55,285 [INFO] Epoch  51 | Batch   40/  89 | Loss: 0.4788
2026-07-09 18:14:57,099 [INFO] Epoch  51 | Batch   50/  89 | Loss: 0.4511
2026-07-09 18:14:58,914 [INFO] Epoch  51 | Batch   60/  89 | Loss: 0.5418
2026-07-09 18:15:00,727 [INFO] Epoch  51 | Batch   70/  89 | Loss: 0.4856
2026-07-09 18:15:02,540 [INFO] Epoch  51 | Batch   80/  89 | Loss: 0.4792
2026-07-09 18:15:06,676 [INFO] Val Dice: 0.1324
2026-07-09 18:15:06,676 [INFO] No improvement (2/15)

2026-07-09 18:15:08,529 [INFO] Epoch  52 | Batch   10/  89 | Loss: 0.4514
2026-07-09 18:15:10,344 [INFO] Epoch  52 | Batch   20/  89 | Loss: 0.4596
2026-07-09 18:15:12,148 [INFO] Epoch  52 | Batch   30/  89 | Loss: 0.4753
2026-07-09 18:15:13,953 [INFO] Epoch  52 | Batch   40/  89 | Loss: 0.5112
2026-07-09 18:15:15,759 [INFO] Epoch  52 | Batch   50/  89 | Loss: 0.4605
2026-07-09 18:15:17,563 [INFO] Epoch  52 | Batch   60/  89 | Loss: 0.4398
2026-07-09 18:15:19,369 [INFO] Epoch  52 | Batch   70/  89 | Loss: 0.4228
2026-07-09 18:15:21,174 [INFO] Epoch  52 | Batch   80/  89 | Loss: 0.5704
2026-07-09 18:15:25,283 [INFO] Val Dice: 0.1326
2026-07-09 18:15:25,283 [INFO] No improvement (3/15)

2026-07-09 18:15:27,135 [INFO] Epoch  53 | Batch   10/  89 | Loss: 0.4643
2026-07-09 18:15:28,942 [INFO] Epoch  53 | Batch   20/  89 | Loss: 0.4281
2026-07-09 18:15:30,750 [INFO] Epoch  53 | Batch   30/  89 | Loss: 0.4686
2026-07-09 18:15:32,557 [INFO] Epoch  53 | Batch   40/  89 | Loss: 0.4584
2026-07-09 18:15:34,365 [INFO] Epoch  53 | Batch   50/  89 | Loss: 0.4536
2026-07-09 18:15:36,171 [INFO] Epoch  53 | Batch   60/  89 | Loss: 0.4543
2026-07-09 18:15:37,977 [INFO] Epoch  53 | Batch   70/  89 | Loss: 0.4378
2026-07-09 18:15:39,784 [INFO] Epoch  53 | Batch   80/  89 | Loss: 0.4400
2026-07-09 18:15:43,899 [INFO] Val Dice: 0.1332
2026-07-09 18:15:43,899 [INFO] No improvement (4/15)

2026-07-09 18:15:45,740 [INFO] Epoch  54 | Batch   10/  89 | Loss: 0.4581
2026-07-09 18:15:47,547 [INFO] Epoch  54 | Batch   20/  89 | Loss: 0.5019
2026-07-09 18:15:49,353 [INFO] Epoch  54 | Batch   30/  89 | Loss: 0.4442
2026-07-09 18:15:51,160 [INFO] Epoch  54 | Batch   40/  89 | Loss: 0.4052
2026-07-09 18:15:52,964 [INFO] Epoch  54 | Batch   50/  89 | Loss: 0.4374
2026-07-09 18:15:54,771 [INFO] Epoch  54 | Batch   60/  89 | Loss: 0.4223
2026-07-09 18:15:56,580 [INFO] Epoch  54 | Batch   70/  89 | Loss: 0.4618
2026-07-09 18:15:58,387 [INFO] Epoch  54 | Batch   80/  89 | Loss: 0.5566
2026-07-09 18:16:02,513 [INFO] Val Dice: 0.1338
2026-07-09 18:16:02,513 [INFO] ✓ Best model! (+0.0010)

2026-07-09 18:16:04,458 [INFO] Epoch  55 | Batch   10/  89 | Loss: 0.4740
2026-07-09 18:16:06,263 [INFO] Epoch  55 | Batch   20/  89 | Loss: 0.4409
2026-07-09 18:16:08,074 [INFO] Epoch  55 | Batch   30/  89 | Loss: 0.4235
2026-07-09 18:16:09,884 [INFO] Epoch  55 | Batch   40/  89 | Loss: 0.4617
2026-07-09 18:16:11,691 [INFO] Epoch  55 | Batch   50/  89 | Loss: 0.4231
2026-07-09 18:16:13,502 [INFO] Epoch  55 | Batch   60/  89 | Loss: 0.4107
2026-07-09 18:16:15,309 [INFO] Epoch  55 | Batch   70/  89 | Loss: 0.5889
2026-07-09 18:16:17,115 [INFO] Epoch  55 | Batch   80/  89 | Loss: 0.4165
2026-07-09 18:16:21,242 [INFO] Val Dice: 0.1354
2026-07-09 18:16:21,242 [INFO] ✓ Best model! (+0.0016)

2026-07-09 18:16:23,112 [INFO] Epoch  56 | Batch   10/  89 | Loss: 0.4872
2026-07-09 18:16:24,934 [INFO] Epoch  56 | Batch   20/  89 | Loss: 0.4481
2026-07-09 18:16:26,758 [INFO] Epoch  56 | Batch   30/  89 | Loss: 0.3828
2026-07-09 18:16:28,579 [INFO] Epoch  56 | Batch   40/  89 | Loss: 0.4422
2026-07-09 18:16:30,401 [INFO] Epoch  56 | Batch   50/  89 | Loss: 0.4468
2026-07-09 18:16:32,222 [INFO] Epoch  56 | Batch   60/  89 | Loss: 0.4377
2026-07-09 18:16:34,045 [INFO] Epoch  56 | Batch   70/  89 | Loss: 0.4573
2026-07-09 18:16:35,870 [INFO] Epoch  56 | Batch   80/  89 | Loss: 0.4407
2026-07-09 18:16:40,011 [INFO] Val Dice: 0.1355
2026-07-09 18:16:40,011 [INFO] No improvement (1/15)

2026-07-09 18:16:41,855 [INFO] Epoch  57 | Batch   10/  89 | Loss: 0.4002
2026-07-09 18:16:43,668 [INFO] Epoch  57 | Batch   20/  89 | Loss: 0.4580
2026-07-09 18:16:45,477 [INFO] Epoch  57 | Batch   30/  89 | Loss: 0.4731
2026-07-09 18:16:47,288 [INFO] Epoch  57 | Batch   40/  89 | Loss: 0.4811
2026-07-09 18:16:49,096 [INFO] Epoch  57 | Batch   50/  89 | Loss: 0.4174
2026-07-09 18:16:50,907 [INFO] Epoch  57 | Batch   60/  89 | Loss: 0.4695
2026-07-09 18:16:52,719 [INFO] Epoch  57 | Batch   70/  89 | Loss: 0.4225
2026-07-09 18:16:54,527 [INFO] Epoch  57 | Batch   80/  89 | Loss: 0.4514
2026-07-09 18:16:58,642 [INFO] Val Dice: 0.1365
2026-07-09 18:16:58,642 [INFO] ✓ Best model! (+0.0011)

2026-07-09 18:17:00,506 [INFO] Epoch  58 | Batch   10/  89 | Loss: 0.4533
2026-07-09 18:17:02,311 [INFO] Epoch  58 | Batch   20/  89 | Loss: 0.4839
2026-07-09 18:17:04,117 [INFO] Epoch  58 | Batch   30/  89 | Loss: 0.4272
2026-07-09 18:17:05,922 [INFO] Epoch  58 | Batch   40/  89 | Loss: 0.4281
2026-07-09 18:17:07,724 [INFO] Epoch  58 | Batch   50/  89 | Loss: 0.4472
2026-07-09 18:17:09,526 [INFO] Epoch  58 | Batch   60/  89 | Loss: 0.3953
2026-07-09 18:17:11,330 [INFO] Epoch  58 | Batch   70/  89 | Loss: 0.4534
2026-07-09 18:17:13,135 [INFO] Epoch  58 | Batch   80/  89 | Loss: 0.4192
2026-07-09 18:17:17,250 [INFO] Val Dice: 0.1358
2026-07-09 18:17:17,250 [INFO] No improvement (1/15)

2026-07-09 18:17:19,099 [INFO] Epoch  59 | Batch   10/  89 | Loss: 0.4642
2026-07-09 18:17:20,920 [INFO] Epoch  59 | Batch   20/  89 | Loss: 0.4285
2026-07-09 18:17:22,740 [INFO] Epoch  59 | Batch   30/  89 | Loss: 0.3864
2026-07-09 18:17:24,557 [INFO] Epoch  59 | Batch   40/  89 | Loss: 0.4638
2026-07-09 18:17:26,376 [INFO] Epoch  59 | Batch   50/  89 | Loss: 0.4075
2026-07-09 18:17:28,193 [INFO] Epoch  59 | Batch   60/  89 | Loss: 0.4027
2026-07-09 18:17:30,013 [INFO] Epoch  59 | Batch   70/  89 | Loss: 0.4291
2026-07-09 18:17:31,831 [INFO] Epoch  59 | Batch   80/  89 | Loss: 0.4196
2026-07-09 18:17:35,962 [INFO] Val Dice: 0.1361
2026-07-09 18:17:35,962 [INFO] No improvement (2/15)

2026-07-09 18:17:37,834 [INFO] Epoch  60 | Batch   10/  89 | Loss: 0.4627
2026-07-09 18:17:39,641 [INFO] Epoch  60 | Batch   20/  89 | Loss: 0.4734
2026-07-09 18:17:41,449 [INFO] Epoch  60 | Batch   30/  89 | Loss: 0.4624
2026-07-09 18:17:43,253 [INFO] Epoch  60 | Batch   40/  89 | Loss: 0.4599
2026-07-09 18:17:45,060 [INFO] Epoch  60 | Batch   50/  89 | Loss: 0.4689
2026-07-09 18:17:46,863 [INFO] Epoch  60 | Batch   60/  89 | Loss: 0.4612
2026-07-09 18:17:48,671 [INFO] Epoch  60 | Batch   70/  89 | Loss: 0.4491
2026-07-09 18:17:50,479 [INFO] Epoch  60 | Batch   80/  89 | Loss: 0.4414
2026-07-09 18:17:54,597 [INFO] Val Dice: 0.1359
2026-07-09 18:17:54,598 [INFO] No improvement (3/15)

2026-07-09 18:17:56,459 [INFO] Epoch  61 | Batch   10/  89 | Loss: 0.7077
2026-07-09 18:17:58,280 [INFO] Epoch  61 | Batch   20/  89 | Loss: 0.4730
2026-07-09 18:18:00,104 [INFO] Epoch  61 | Batch   30/  89 | Loss: 0.4431
2026-07-09 18:18:01,927 [INFO] Epoch  61 | Batch   40/  89 | Loss: 0.4309
2026-07-09 18:18:03,751 [INFO] Epoch  61 | Batch   50/  89 | Loss: 0.4443
2026-07-09 18:18:05,564 [INFO] Epoch  61 | Batch   60/  89 | Loss: 0.4809
2026-07-09 18:18:07,388 [INFO] Epoch  61 | Batch   70/  89 | Loss: 0.3720
2026-07-09 18:18:09,213 [INFO] Epoch  61 | Batch   80/  89 | Loss: 0.4745
2026-07-09 18:18:14,354 [INFO] Val Dice: 0.1364
2026-07-09 18:18:14,354 [INFO] No improvement (4/15)

2026-07-09 18:18:16,201 [INFO] Epoch  62 | Batch   10/  89 | Loss: 0.4474
2026-07-09 18:18:18,009 [INFO] Epoch  62 | Batch   20/  89 | Loss: 0.4169
2026-07-09 18:18:19,815 [INFO] Epoch  62 | Batch   30/  89 | Loss: 0.4443
2026-07-09 18:18:21,622 [INFO] Epoch  62 | Batch   40/  89 | Loss: 0.4563
2026-07-09 18:18:23,432 [INFO] Epoch  62 | Batch   50/  89 | Loss: 0.4171
2026-07-09 18:18:25,239 [INFO] Epoch  62 | Batch   60/  89 | Loss: 0.5085
2026-07-09 18:18:27,048 [INFO] Epoch  62 | Batch   70/  89 | Loss: 0.4297
2026-07-09 18:18:28,860 [INFO] Epoch  62 | Batch   80/  89 | Loss: 0.4193
2026-07-09 18:18:33,621 [INFO] Val Dice: 0.1360
2026-07-09 18:18:33,621 [INFO] No improvement (5/15)

2026-07-09 18:18:35,485 [INFO] Epoch  63 | Batch   10/  89 | Loss: 0.3733
2026-07-09 18:18:37,303 [INFO] Epoch  63 | Batch   20/  89 | Loss: 0.5145
2026-07-09 18:18:39,127 [INFO] Epoch  63 | Batch   30/  89 | Loss: 0.4372
2026-07-09 18:18:40,951 [INFO] Epoch  63 | Batch   40/  89 | Loss: 0.3871
2026-07-09 18:18:42,775 [INFO] Epoch  63 | Batch   50/  89 | Loss: 0.4578
2026-07-09 18:18:44,605 [INFO] Epoch  63 | Batch   60/  89 | Loss: 0.4692
2026-07-09 18:18:46,430 [INFO] Epoch  63 | Batch   70/  89 | Loss: 0.4272
2026-07-09 18:18:48,246 [INFO] Epoch  63 | Batch   80/  89 | Loss: 0.4250
2026-07-09 18:18:52,394 [INFO] Val Dice: 0.1373
2026-07-09 18:18:52,394 [INFO] No improvement (6/15)

2026-07-09 18:18:54,248 [INFO] Epoch  64 | Batch   10/  89 | Loss: 0.4347
2026-07-09 18:18:56,066 [INFO] Epoch  64 | Batch   20/  89 | Loss: 0.3954
2026-07-09 18:18:57,881 [INFO] Epoch  64 | Batch   30/  89 | Loss: 0.3684
2026-07-09 18:18:59,699 [INFO] Epoch  64 | Batch   40/  89 | Loss: 0.3630
2026-07-09 18:19:01,520 [INFO] Epoch  64 | Batch   50/  89 | Loss: 0.4121
2026-07-09 18:19:03,331 [INFO] Epoch  64 | Batch   60/  89 | Loss: 0.4316
2026-07-09 18:19:05,150 [INFO] Epoch  64 | Batch   70/  89 | Loss: 0.4948
2026-07-09 18:19:06,970 [INFO] Epoch  64 | Batch   80/  89 | Loss: 0.4268
2026-07-09 18:19:11,651 [INFO] Val Dice: 0.1374
2026-07-09 18:19:11,651 [INFO] No improvement (7/15)

2026-07-09 18:19:13,527 [INFO] Epoch  65 | Batch   10/  89 | Loss: 0.3912
2026-07-09 18:19:15,356 [INFO] Epoch  65 | Batch   20/  89 | Loss: 0.4582
2026-07-09 18:19:17,181 [INFO] Epoch  65 | Batch   30/  89 | Loss: 0.4008
2026-07-09 18:19:19,008 [INFO] Epoch  65 | Batch   40/  89 | Loss: 0.4285
2026-07-09 18:19:20,837 [INFO] Epoch  65 | Batch   50/  89 | Loss: 0.4130
2026-07-09 18:19:22,662 [INFO] Epoch  65 | Batch   60/  89 | Loss: 0.4473
2026-07-09 18:19:24,488 [INFO] Epoch  65 | Batch   70/  89 | Loss: 0.4690
2026-07-09 18:19:26,315 [INFO] Epoch  65 | Batch   80/  89 | Loss: 0.4177
2026-07-09 18:19:30,444 [INFO] Val Dice: 0.1381
2026-07-09 18:19:30,444 [INFO] ✓ Best model! (+0.0016)

2026-07-09 18:19:32,301 [INFO] Epoch  66 | Batch   10/  89 | Loss: 0.4621
2026-07-09 18:19:34,110 [INFO] Epoch  66 | Batch   20/  89 | Loss: 0.4301
2026-07-09 18:19:35,920 [INFO] Epoch  66 | Batch   30/  89 | Loss: 0.3193
2026-07-09 18:19:37,729 [INFO] Epoch  66 | Batch   40/  89 | Loss: 0.4625
2026-07-09 18:19:39,537 [INFO] Epoch  66 | Batch   50/  89 | Loss: 0.4358
2026-07-09 18:19:41,345 [INFO] Epoch  66 | Batch   60/  89 | Loss: 0.4111
2026-07-09 18:19:43,155 [INFO] Epoch  66 | Batch   70/  89 | Loss: 0.4186
2026-07-09 18:19:44,964 [INFO] Epoch  66 | Batch   80/  89 | Loss: 0.4289
2026-07-09 18:19:49,096 [INFO] Val Dice: 0.1372
2026-07-09 18:19:49,097 [INFO] No improvement (1/15)

2026-07-09 18:19:50,947 [INFO] Epoch  67 | Batch   10/  89 | Loss: 0.4005
2026-07-09 18:19:52,758 [INFO] Epoch  67 | Batch   20/  89 | Loss: 0.4320
2026-07-09 18:19:54,578 [INFO] Epoch  67 | Batch   30/  89 | Loss: 0.4306
2026-07-09 18:19:56,411 [INFO] Epoch  67 | Batch   40/  89 | Loss: 0.4332
2026-07-09 18:19:58,247 [INFO] Epoch  67 | Batch   50/  89 | Loss: 0.3927
2026-07-09 18:20:00,084 [INFO] Epoch  67 | Batch   60/  89 | Loss: 0.5211
2026-07-09 18:20:01,922 [INFO] Epoch  67 | Batch   70/  89 | Loss: 0.4433
2026-07-09 18:20:03,757 [INFO] Epoch  67 | Batch   80/  89 | Loss: 0.4421
2026-07-09 18:20:07,925 [INFO] Val Dice: 0.1371
2026-07-09 18:20:07,925 [INFO] No improvement (2/15)

2026-07-09 18:20:09,798 [INFO] Epoch  68 | Batch   10/  89 | Loss: 0.5210
2026-07-09 18:20:11,635 [INFO] Epoch  68 | Batch   20/  89 | Loss: 0.4382
2026-07-09 18:20:13,475 [INFO] Epoch  68 | Batch   30/  89 | Loss: 0.4421
2026-07-09 18:20:15,317 [INFO] Epoch  68 | Batch   40/  89 | Loss: 0.4570
2026-07-09 18:20:17,155 [INFO] Epoch  68 | Batch   50/  89 | Loss: 0.5003
2026-07-09 18:20:18,993 [INFO] Epoch  68 | Batch   60/  89 | Loss: 0.4072
2026-07-09 18:20:20,833 [INFO] Epoch  68 | Batch   70/  89 | Loss: 0.4032
2026-07-09 18:20:22,673 [INFO] Epoch  68 | Batch   80/  89 | Loss: 0.4315
2026-07-09 18:20:26,825 [INFO] Val Dice: 0.1379
2026-07-09 18:20:26,825 [INFO] No improvement (3/15)

2026-07-09 18:20:28,662 [INFO] Epoch  69 | Batch   10/  89 | Loss: 0.4371
2026-07-09 18:20:30,464 [INFO] Epoch  69 | Batch   20/  89 | Loss: 0.3809
2026-07-09 18:20:32,266 [INFO] Epoch  69 | Batch   30/  89 | Loss: 0.4351
2026-07-09 18:20:34,067 [INFO] Epoch  69 | Batch   40/  89 | Loss: 0.3712
2026-07-09 18:20:35,869 [INFO] Epoch  69 | Batch   50/  89 | Loss: 0.4791
2026-07-09 18:20:37,672 [INFO] Epoch  69 | Batch   60/  89 | Loss: 0.4871
2026-07-09 18:20:39,474 [INFO] Epoch  69 | Batch   70/  89 | Loss: 0.4922
2026-07-09 18:20:41,279 [INFO] Epoch  69 | Batch   80/  89 | Loss: 0.4269
2026-07-09 18:20:45,403 [INFO] Val Dice: 0.1375
2026-07-09 18:20:45,404 [INFO] No improvement (4/15)

2026-07-09 18:20:47,272 [INFO] Epoch  70 | Batch   10/  89 | Loss: 0.4322
2026-07-09 18:20:49,094 [INFO] Epoch  70 | Batch   20/  89 | Loss: 0.4250
2026-07-09 18:20:50,915 [INFO] Epoch  70 | Batch   30/  89 | Loss: 0.4057
2026-07-09 18:20:52,735 [INFO] Epoch  70 | Batch   40/  89 | Loss: 0.4765
2026-07-09 18:20:54,555 [INFO] Epoch  70 | Batch   50/  89 | Loss: 0.4343
2026-07-09 18:20:56,375 [INFO] Epoch  70 | Batch   60/  89 | Loss: 0.4675
2026-07-09 18:20:58,195 [INFO] Epoch  70 | Batch   70/  89 | Loss: 0.4688
2026-07-09 18:21:00,013 [INFO] Epoch  70 | Batch   80/  89 | Loss: 0.4367
2026-07-09 18:21:04,141 [INFO] Val Dice: 0.1386
2026-07-09 18:21:04,142 [INFO] No improvement (5/15)

2026-07-09 18:21:05,995 [INFO] Epoch  71 | Batch   10/  89 | Loss: 0.4185
2026-07-09 18:21:07,802 [INFO] Epoch  71 | Batch   20/  89 | Loss: 0.4452
2026-07-09 18:21:09,608 [INFO] Epoch  71 | Batch   30/  89 | Loss: 0.3933
2026-07-09 18:21:11,415 [INFO] Epoch  71 | Batch   40/  89 | Loss: 0.4409
2026-07-09 18:21:13,216 [INFO] Epoch  71 | Batch   50/  89 | Loss: 0.4804
2026-07-09 18:21:15,023 [INFO] Epoch  71 | Batch   60/  89 | Loss: 0.4203
2026-07-09 18:21:16,830 [INFO] Epoch  71 | Batch   70/  89 | Loss: 0.4967
2026-07-09 18:21:18,637 [INFO] Epoch  71 | Batch   80/  89 | Loss: 0.5103
2026-07-09 18:21:22,777 [INFO] Val Dice: 0.1386
2026-07-09 18:21:22,777 [INFO] No improvement (6/15)

2026-07-09 18:21:24,625 [INFO] Epoch  72 | Batch   10/  89 | Loss: 0.4323
2026-07-09 18:21:26,433 [INFO] Epoch  72 | Batch   20/  89 | Loss: 0.4036
2026-07-09 18:21:28,237 [INFO] Epoch  72 | Batch   30/  89 | Loss: 0.4520
2026-07-09 18:21:30,044 [INFO] Epoch  72 | Batch   40/  89 | Loss: 0.3669
2026-07-09 18:21:31,847 [INFO] Epoch  72 | Batch   50/  89 | Loss: 0.4301
2026-07-09 18:21:33,654 [INFO] Epoch  72 | Batch   60/  89 | Loss: 0.3912
2026-07-09 18:21:35,461 [INFO] Epoch  72 | Batch   70/  89 | Loss: 0.4278
2026-07-09 18:21:37,266 [INFO] Epoch  72 | Batch   80/  89 | Loss: 0.4117
2026-07-09 18:21:41,391 [INFO] Val Dice: 0.1384
2026-07-09 18:21:41,392 [INFO] No improvement (7/15)

2026-07-09 18:21:43,234 [INFO] Epoch  73 | Batch   10/  89 | Loss: 0.4627
2026-07-09 18:21:45,036 [INFO] Epoch  73 | Batch   20/  89 | Loss: 0.4417
2026-07-09 18:21:46,839 [INFO] Epoch  73 | Batch   30/  89 | Loss: 0.4579
2026-07-09 18:21:48,639 [INFO] Epoch  73 | Batch   40/  89 | Loss: 0.4627
2026-07-09 18:21:50,439 [INFO] Epoch  73 | Batch   50/  89 | Loss: 0.4472
2026-07-09 18:21:52,240 [INFO] Epoch  73 | Batch   60/  89 | Loss: 0.5012
2026-07-09 18:21:54,042 [INFO] Epoch  73 | Batch   70/  89 | Loss: 0.4506
2026-07-09 18:21:55,843 [INFO] Epoch  73 | Batch   80/  89 | Loss: 0.4236
2026-07-09 18:21:59,977 [INFO] Val Dice: 0.1381
2026-07-09 18:21:59,978 [INFO] No improvement (8/15)

2026-07-09 18:22:01,835 [INFO] Epoch  74 | Batch   10/  89 | Loss: 0.4890
2026-07-09 18:22:03,658 [INFO] Epoch  74 | Batch   20/  89 | Loss: 0.3936
2026-07-09 18:22:05,481 [INFO] Epoch  74 | Batch   30/  89 | Loss: 0.4661
2026-07-09 18:22:07,307 [INFO] Epoch  74 | Batch   40/  89 | Loss: 0.4373
2026-07-09 18:22:09,128 [INFO] Epoch  74 | Batch   50/  89 | Loss: 0.4271
2026-07-09 18:22:10,951 [INFO] Epoch  74 | Batch   60/  89 | Loss: 0.3739
2026-07-09 18:22:12,772 [INFO] Epoch  74 | Batch   70/  89 | Loss: 0.4139
2026-07-09 18:22:14,604 [INFO] Epoch  74 | Batch   80/  89 | Loss: 0.4206
2026-07-09 18:22:18,733 [INFO] Val Dice: 0.1384
2026-07-09 18:22:18,734 [INFO] No improvement (9/15)

2026-07-09 18:22:20,592 [INFO] Epoch  75 | Batch   10/  89 | Loss: 0.4021
2026-07-09 18:22:22,398 [INFO] Epoch  75 | Batch   20/  89 | Loss: 0.4211
2026-07-09 18:22:24,203 [INFO] Epoch  75 | Batch   30/  89 | Loss: 0.3459
2026-07-09 18:22:26,006 [INFO] Epoch  75 | Batch   40/  89 | Loss: 0.4475
2026-07-09 18:22:27,809 [INFO] Epoch  75 | Batch   50/  89 | Loss: 0.3347
2026-07-09 18:22:29,615 [INFO] Epoch  75 | Batch   60/  89 | Loss: 0.4535
2026-07-09 18:22:31,417 [INFO] Epoch  75 | Batch   70/  89 | Loss: 0.4303
2026-07-09 18:22:33,220 [INFO] Epoch  75 | Batch   80/  89 | Loss: 0.3892
2026-07-09 18:22:37,350 [INFO] Val Dice: 0.1380
2026-07-09 18:22:37,351 [INFO] No improvement (10/15)

2026-07-09 18:22:39,193 [INFO] Epoch  76 | Batch   10/  89 | Loss: 0.3810
2026-07-09 18:22:40,994 [INFO] Epoch  76 | Batch   20/  89 | Loss: 0.4668
2026-07-09 18:22:42,796 [INFO] Epoch  76 | Batch   30/  89 | Loss: 0.4171
2026-07-09 18:22:44,596 [INFO] Epoch  76 | Batch   40/  89 | Loss: 0.4174
2026-07-09 18:22:46,399 [INFO] Epoch  76 | Batch   50/  89 | Loss: 0.4436
2026-07-09 18:22:48,205 [INFO] Epoch  76 | Batch   60/  89 | Loss: 0.3842
2026-07-09 18:22:50,005 [INFO] Epoch  76 | Batch   70/  89 | Loss: 0.3777
2026-07-09 18:22:51,806 [INFO] Epoch  76 | Batch   80/  89 | Loss: 0.4558
2026-07-09 18:22:55,913 [INFO] Val Dice: 0.1384
2026-07-09 18:22:55,913 [INFO] No improvement (11/15)

2026-07-09 18:22:57,747 [INFO] Epoch  77 | Batch   10/  89 | Loss: 0.4655
2026-07-09 18:22:59,557 [INFO] Epoch  77 | Batch   20/  89 | Loss: 0.3972
2026-07-09 18:23:01,360 [INFO] Epoch  77 | Batch   30/  89 | Loss: 0.4821
2026-07-09 18:23:03,167 [INFO] Epoch  77 | Batch   40/  89 | Loss: 0.4515
2026-07-09 18:23:04,970 [INFO] Epoch  77 | Batch   50/  89 | Loss: 0.4094
2026-07-09 18:23:06,773 [INFO] Epoch  77 | Batch   60/  89 | Loss: 0.4004
2026-07-09 18:23:08,575 [INFO] Epoch  77 | Batch   70/  89 | Loss: 0.4424
2026-07-09 18:23:10,380 [INFO] Epoch  77 | Batch   80/  89 | Loss: 0.4633
2026-07-09 18:23:14,494 [INFO] Val Dice: 0.1383
2026-07-09 18:23:14,495 [INFO] No improvement (12/15)

2026-07-09 18:23:16,342 [INFO] Epoch  78 | Batch   10/  89 | Loss: 0.4715
2026-07-09 18:23:18,148 [INFO] Epoch  78 | Batch   20/  89 | Loss: 0.4295
2026-07-09 18:23:19,958 [INFO] Epoch  78 | Batch   30/  89 | Loss: 0.4355
2026-07-09 18:23:21,762 [INFO] Epoch  78 | Batch   40/  89 | Loss: 0.3981
2026-07-09 18:23:23,569 [INFO] Epoch  78 | Batch   50/  89 | Loss: 0.4230
2026-07-09 18:23:25,375 [INFO] Epoch  78 | Batch   60/  89 | Loss: 0.4560
2026-07-09 18:23:27,181 [INFO] Epoch  78 | Batch   70/  89 | Loss: 0.4134
2026-07-09 18:23:28,990 [INFO] Epoch  78 | Batch   80/  89 | Loss: 0.4127
2026-07-09 18:23:33,109 [INFO] Val Dice: 0.1371
2026-07-09 18:23:33,110 [INFO] No improvement (13/15)

2026-07-09 18:23:34,967 [INFO] Epoch  79 | Batch   10/  89 | Loss: 0.4388
2026-07-09 18:23:36,791 [INFO] Epoch  79 | Batch   20/  89 | Loss: 0.4004
2026-07-09 18:23:38,609 [INFO] Epoch  79 | Batch   30/  89 | Loss: 0.3842
2026-07-09 18:23:40,425 [INFO] Epoch  79 | Batch   40/  89 | Loss: 0.3915
2026-07-09 18:23:42,234 [INFO] Epoch  79 | Batch   50/  89 | Loss: 0.3419
2026-07-09 18:23:44,044 [INFO] Epoch  79 | Batch   60/  89 | Loss: 0.3515
2026-07-09 18:23:45,856 [INFO] Epoch  79 | Batch   70/  89 | Loss: 0.4431
2026-07-09 18:23:47,666 [INFO] Epoch  79 | Batch   80/  89 | Loss: 0.4471
2026-07-09 18:23:51,804 [INFO] Val Dice: 0.1384
2026-07-09 18:23:51,804 [INFO] No improvement (14/15)

2026-07-09 18:23:53,667 [INFO] Epoch  80 | Batch   10/  89 | Loss: 0.4098
2026-07-09 18:23:55,481 [INFO] Epoch  80 | Batch   20/  89 | Loss: 0.4224
2026-07-09 18:23:57,293 [INFO] Epoch  80 | Batch   30/  89 | Loss: 0.3684
2026-07-09 18:23:59,104 [INFO] Epoch  80 | Batch   40/  89 | Loss: 0.3713
2026-07-09 18:24:00,915 [INFO] Epoch  80 | Batch   50/  89 | Loss: 0.4497
2026-07-09 18:24:02,724 [INFO] Epoch  80 | Batch   60/  89 | Loss: 0.4041
2026-07-09 18:24:04,537 [INFO] Epoch  80 | Batch   70/  89 | Loss: 0.5352
2026-07-09 18:24:06,347 [INFO] Epoch  80 | Batch   80/  89 | Loss: 0.4203
2026-07-09 18:24:10,477 [INFO] Val Dice: 0.1392
2026-07-09 18:24:10,477 [INFO] ✓ Best model! (+0.0011)

2026-07-09 18:24:12,347 [INFO] Epoch  81 | Batch   10/  89 | Loss: 0.3542
2026-07-09 18:24:14,156 [INFO] Epoch  81 | Batch   20/  89 | Loss: 0.4485
2026-07-09 18:24:15,964 [INFO] Epoch  81 | Batch   30/  89 | Loss: 0.5067
2026-07-09 18:24:17,774 [INFO] Epoch  81 | Batch   40/  89 | Loss: 0.4220
2026-07-09 18:24:19,583 [INFO] Epoch  81 | Batch   50/  89 | Loss: 0.3753
2026-07-09 18:24:21,405 [INFO] Epoch  81 | Batch   60/  89 | Loss: 0.4460
2026-07-09 18:24:23,226 [INFO] Epoch  81 | Batch   70/  89 | Loss: 0.4252
2026-07-09 18:24:25,049 [INFO] Epoch  81 | Batch   80/  89 | Loss: 0.3749
2026-07-09 18:24:29,190 [INFO] Val Dice: 0.1383
2026-07-09 18:24:29,191 [INFO] No improvement (1/15)

2026-07-09 18:24:31,043 [INFO] Epoch  82 | Batch   10/  89 | Loss: 0.4450
2026-07-09 18:24:32,867 [INFO] Epoch  82 | Batch   20/  89 | Loss: 0.4286
2026-07-09 18:24:34,686 [INFO] Epoch  82 | Batch   30/  89 | Loss: 0.4239
2026-07-09 18:24:36,506 [INFO] Epoch  82 | Batch   40/  89 | Loss: 0.4312
2026-07-09 18:24:38,327 [INFO] Epoch  82 | Batch   50/  89 | Loss: 0.4805
2026-07-09 18:24:40,147 [INFO] Epoch  82 | Batch   60/  89 | Loss: 0.4114
2026-07-09 18:24:41,968 [INFO] Epoch  82 | Batch   70/  89 | Loss: 0.4185
2026-07-09 18:24:43,790 [INFO] Epoch  82 | Batch   80/  89 | Loss: 0.4003
2026-07-09 18:24:47,936 [INFO] Val Dice: 0.1383
2026-07-09 18:24:47,936 [INFO] No improvement (2/15)

2026-07-09 18:24:49,787 [INFO] Epoch  83 | Batch   10/  89 | Loss: 0.3679
2026-07-09 18:24:51,591 [INFO] Epoch  83 | Batch   20/  89 | Loss: 0.3947
2026-07-09 18:24:53,397 [INFO] Epoch  83 | Batch   30/  89 | Loss: 0.3931
2026-07-09 18:24:55,201 [INFO] Epoch  83 | Batch   40/  89 | Loss: 0.4019
2026-07-09 18:24:57,012 [INFO] Epoch  83 | Batch   50/  89 | Loss: 0.4019
2026-07-09 18:24:58,818 [INFO] Epoch  83 | Batch   60/  89 | Loss: 0.4468
2026-07-09 18:25:00,624 [INFO] Epoch  83 | Batch   70/  89 | Loss: 0.4368
2026-07-09 18:25:02,431 [INFO] Epoch  83 | Batch   80/  89 | Loss: 0.3826
2026-07-09 18:25:06,557 [INFO] Val Dice: 0.1391
2026-07-09 18:25:06,558 [INFO] No improvement (3/15)

2026-07-09 18:25:08,399 [INFO] Epoch  84 | Batch   10/  89 | Loss: 0.4112
2026-07-09 18:25:10,204 [INFO] Epoch  84 | Batch   20/  89 | Loss: 0.4374
2026-07-09 18:25:12,018 [INFO] Epoch  84 | Batch   30/  89 | Loss: 0.4233
2026-07-09 18:25:13,823 [INFO] Epoch  84 | Batch   40/  89 | Loss: 0.4477
2026-07-09 18:25:15,628 [INFO] Epoch  84 | Batch   50/  89 | Loss: 0.4266
2026-07-09 18:25:17,433 [INFO] Epoch  84 | Batch   60/  89 | Loss: 0.3902
2026-07-09 18:25:19,236 [INFO] Epoch  84 | Batch   70/  89 | Loss: 0.4381
2026-07-09 18:25:21,040 [INFO] Epoch  84 | Batch   80/  89 | Loss: 0.3682
2026-07-09 18:25:26,012 [INFO] Val Dice: 0.1396
2026-07-09 18:25:26,012 [INFO] No improvement (4/15)

2026-07-09 18:25:27,881 [INFO] Epoch  85 | Batch   10/  89 | Loss: 0.4924
2026-07-09 18:25:29,684 [INFO] Epoch  85 | Batch   20/  89 | Loss: 0.3308
2026-07-09 18:25:31,487 [INFO] Epoch  85 | Batch   30/  89 | Loss: 0.4698
2026-07-09 18:25:33,289 [INFO] Epoch  85 | Batch   40/  89 | Loss: 0.3798
2026-07-09 18:25:35,090 [INFO] Epoch  85 | Batch   50/  89 | Loss: 0.4746
2026-07-09 18:25:36,891 [INFO] Epoch  85 | Batch   60/  89 | Loss: 0.5007
2026-07-09 18:25:38,693 [INFO] Epoch  85 | Batch   70/  89 | Loss: 0.4241
2026-07-09 18:25:40,496 [INFO] Epoch  85 | Batch   80/  89 | Loss: 0.3846
2026-07-09 18:25:44,608 [INFO] Val Dice: 0.1388
2026-07-09 18:25:44,609 [INFO] No improvement (5/15)

2026-07-09 18:25:46,444 [INFO] Epoch  86 | Batch   10/  89 | Loss: 0.4350
2026-07-09 18:25:48,246 [INFO] Epoch  86 | Batch   20/  89 | Loss: 0.4295
2026-07-09 18:25:50,051 [INFO] Epoch  86 | Batch   30/  89 | Loss: 0.4265
2026-07-09 18:25:51,853 [INFO] Epoch  86 | Batch   40/  89 | Loss: 0.3972
2026-07-09 18:25:53,652 [INFO] Epoch  86 | Batch   50/  89 | Loss: 0.3909
2026-07-09 18:25:55,454 [INFO] Epoch  86 | Batch   60/  89 | Loss: 0.4362
2026-07-09 18:25:57,257 [INFO] Epoch  86 | Batch   70/  89 | Loss: 0.3713
2026-07-09 18:25:59,060 [INFO] Epoch  86 | Batch   80/  89 | Loss: 0.4321
2026-07-09 18:26:03,203 [INFO] Val Dice: 0.1396
2026-07-09 18:26:03,204 [INFO] No improvement (6/15)

2026-07-09 18:26:05,070 [INFO] Epoch  87 | Batch   10/  89 | Loss: 0.4089
2026-07-09 18:26:06,888 [INFO] Epoch  87 | Batch   20/  89 | Loss: 0.4603
2026-07-09 18:26:08,704 [INFO] Epoch  87 | Batch   30/  89 | Loss: 0.3970
2026-07-09 18:26:10,520 [INFO] Epoch  87 | Batch   40/  89 | Loss: 0.3514
2026-07-09 18:26:12,335 [INFO] Epoch  87 | Batch   50/  89 | Loss: 0.3901
2026-07-09 18:26:14,151 [INFO] Epoch  87 | Batch   60/  89 | Loss: 0.3630
2026-07-09 18:26:15,963 [INFO] Epoch  87 | Batch   70/  89 | Loss: 0.4305
2026-07-09 18:26:17,776 [INFO] Epoch  87 | Batch   80/  89 | Loss: 0.4337
2026-07-09 18:26:21,924 [INFO] Val Dice: 0.1396
2026-07-09 18:26:21,924 [INFO] No improvement (7/15)

2026-07-09 18:26:23,766 [INFO] Epoch  88 | Batch   10/  89 | Loss: 0.4224
2026-07-09 18:26:25,580 [INFO] Epoch  88 | Batch   20/  89 | Loss: 0.4589
2026-07-09 18:26:27,387 [INFO] Epoch  88 | Batch   30/  89 | Loss: 0.3888
2026-07-09 18:26:29,193 [INFO] Epoch  88 | Batch   40/  89 | Loss: 0.4414
2026-07-09 18:26:31,000 [INFO] Epoch  88 | Batch   50/  89 | Loss: 0.4662
2026-07-09 18:26:32,809 [INFO] Epoch  88 | Batch   60/  89 | Loss: 0.3868
2026-07-09 18:26:34,619 [INFO] Epoch  88 | Batch   70/  89 | Loss: 0.4094
2026-07-09 18:26:36,428 [INFO] Epoch  88 | Batch   80/  89 | Loss: 0.4394
2026-07-09 18:26:40,555 [INFO] Val Dice: 0.1392
2026-07-09 18:26:40,556 [INFO] No improvement (8/15)

2026-07-09 18:26:42,397 [INFO] Epoch  89 | Batch   10/  89 | Loss: 0.4072
2026-07-09 18:26:44,205 [INFO] Epoch  89 | Batch   20/  89 | Loss: 0.4242
2026-07-09 18:26:46,009 [INFO] Epoch  89 | Batch   30/  89 | Loss: 0.4249
2026-07-09 18:26:47,817 [INFO] Epoch  89 | Batch   40/  89 | Loss: 0.4591
2026-07-09 18:26:49,622 [INFO] Epoch  89 | Batch   50/  89 | Loss: 0.4165
2026-07-09 18:26:51,427 [INFO] Epoch  89 | Batch   60/  89 | Loss: 0.4161
2026-07-09 18:26:53,232 [INFO] Epoch  89 | Batch   70/  89 | Loss: 0.4620
2026-07-09 18:26:55,038 [INFO] Epoch  89 | Batch   80/  89 | Loss: 0.3245
2026-07-09 18:26:59,164 [INFO] Val Dice: 0.1389
2026-07-09 18:26:59,165 [INFO] No improvement (9/15)

2026-07-09 18:27:01,035 [INFO] Epoch  90 | Batch   10/  89 | Loss: 0.4521
2026-07-09 18:27:02,859 [INFO] Epoch  90 | Batch   20/  89 | Loss: 0.3534
2026-07-09 18:27:04,681 [INFO] Epoch  90 | Batch   30/  89 | Loss: 0.4311
2026-07-09 18:27:06,500 [INFO] Epoch  90 | Batch   40/  89 | Loss: 0.4281
2026-07-09 18:27:08,320 [INFO] Epoch  90 | Batch   50/  89 | Loss: 0.4306
2026-07-09 18:27:10,142 [INFO] Epoch  90 | Batch   60/  89 | Loss: 0.4043
2026-07-09 18:27:11,966 [INFO] Epoch  90 | Batch   70/  89 | Loss: 0.4251
2026-07-09 18:27:13,788 [INFO] Epoch  90 | Batch   80/  89 | Loss: 0.3441
2026-07-09 18:27:17,915 [INFO] Val Dice: 0.1390
2026-07-09 18:27:17,916 [INFO] No improvement (10/15)

2026-07-09 18:27:19,767 [INFO] Epoch  91 | Batch   10/  89 | Loss: 0.3474
2026-07-09 18:27:21,571 [INFO] Epoch  91 | Batch   20/  89 | Loss: 0.3824
2026-07-09 18:27:23,373 [INFO] Epoch  91 | Batch   30/  89 | Loss: 0.4384
2026-07-09 18:27:25,175 [INFO] Epoch  91 | Batch   40/  89 | Loss: 0.4276
2026-07-09 18:27:26,984 [INFO] Epoch  91 | Batch   50/  89 | Loss: 0.3200
2026-07-09 18:27:28,786 [INFO] Epoch  91 | Batch   60/  89 | Loss: 0.4796
2026-07-09 18:27:30,587 [INFO] Epoch  91 | Batch   70/  89 | Loss: 0.3982
2026-07-09 18:27:32,390 [INFO] Epoch  91 | Batch   80/  89 | Loss: 0.4008
2026-07-09 18:27:36,503 [INFO] Val Dice: 0.1394
2026-07-09 18:27:36,504 [INFO] No improvement (11/15)

2026-07-09 18:27:38,349 [INFO] Epoch  92 | Batch   10/  89 | Loss: 0.3818
2026-07-09 18:27:40,156 [INFO] Epoch  92 | Batch   20/  89 | Loss: 0.3204
2026-07-09 18:27:41,966 [INFO] Epoch  92 | Batch   30/  89 | Loss: 0.4278
2026-07-09 18:27:43,773 [INFO] Epoch  92 | Batch   40/  89 | Loss: 0.4331
2026-07-09 18:27:45,581 [INFO] Epoch  92 | Batch   50/  89 | Loss: 0.4091
2026-07-09 18:27:47,390 [INFO] Epoch  92 | Batch   60/  89 | Loss: 0.4077
2026-07-09 18:27:49,199 [INFO] Epoch  92 | Batch   70/  89 | Loss: 0.3907
2026-07-09 18:27:51,009 [INFO] Epoch  92 | Batch   80/  89 | Loss: 0.3577
2026-07-09 18:27:55,122 [INFO] Val Dice: 0.1393
2026-07-09 18:27:55,122 [INFO] No improvement (12/15)

2026-07-09 18:27:56,965 [INFO] Epoch  93 | Batch   10/  89 | Loss: 0.3341
2026-07-09 18:27:58,777 [INFO] Epoch  93 | Batch   20/  89 | Loss: 0.4230
2026-07-09 18:28:00,587 [INFO] Epoch  93 | Batch   30/  89 | Loss: 0.3602
2026-07-09 18:28:02,394 [INFO] Epoch  93 | Batch   40/  89 | Loss: 0.4138
2026-07-09 18:28:04,202 [INFO] Epoch  93 | Batch   50/  89 | Loss: 0.3634
2026-07-09 18:28:06,007 [INFO] Epoch  93 | Batch   60/  89 | Loss: 0.5181
2026-07-09 18:28:07,812 [INFO] Epoch  93 | Batch   70/  89 | Loss: 0.4481
2026-07-09 18:28:09,619 [INFO] Epoch  93 | Batch   80/  89 | Loss: 0.3499
2026-07-09 18:28:14,499 [INFO] Val Dice: 0.1393
2026-07-09 18:28:14,500 [INFO] No improvement (13/15)

2026-07-09 18:28:16,350 [INFO] Epoch  94 | Batch   10/  89 | Loss: 0.4484
2026-07-09 18:28:18,155 [INFO] Epoch  94 | Batch   20/  89 | Loss: 0.4156
2026-07-09 18:28:19,962 [INFO] Epoch  94 | Batch   30/  89 | Loss: 0.5006
2026-07-09 18:28:21,771 [INFO] Epoch  94 | Batch   40/  89 | Loss: 0.3762
2026-07-09 18:28:23,578 [INFO] Epoch  94 | Batch   50/  89 | Loss: 0.4068
2026-07-09 18:28:25,389 [INFO] Epoch  94 | Batch   60/  89 | Loss: 0.4529
2026-07-09 18:28:27,196 [INFO] Epoch  94 | Batch   70/  89 | Loss: 0.4326
2026-07-09 18:28:29,004 [INFO] Epoch  94 | Batch   80/  89 | Loss: 0.3744
2026-07-09 18:28:33,140 [INFO] Val Dice: 0.1389
2026-07-09 18:28:33,140 [INFO] No improvement (14/15)

2026-07-09 18:28:35,004 [INFO] Epoch  95 | Batch   10/  89 | Loss: 0.4119
2026-07-09 18:28:36,810 [INFO] Epoch  95 | Batch   20/  89 | Loss: 0.4550
2026-07-09 18:28:38,613 [INFO] Epoch  95 | Batch   30/  89 | Loss: 0.3870
2026-07-09 18:28:40,420 [INFO] Epoch  95 | Batch   40/  89 | Loss: 0.3783
2026-07-09 18:28:42,229 [INFO] Epoch  95 | Batch   50/  89 | Loss: 0.4067
2026-07-09 18:28:44,034 [INFO] Epoch  95 | Batch   60/  89 | Loss: 0.3692
2026-07-09 18:28:45,839 [INFO] Epoch  95 | Batch   70/  89 | Loss: 0.3702
2026-07-09 18:28:47,645 [INFO] Epoch  95 | Batch   80/  89 | Loss: 0.3930
2026-07-09 18:28:51,775 [INFO] Val Dice: 0.1393
2026-07-09 18:28:51,775 [INFO] No improvement (15/15)

2026-07-09 18:28:51,775 [INFO] 
⏹️  Early stopping at epoch 95 (no improvement for 15 epochs)
2026-07-09 18:28:51,793 [INFO] 
✓ Training complete! Best epoch: 80
2026-07-09 18:28:51,793 [INFO] Best Dice: 0.1392
2026-07-09 18:28:51,793 [INFO] 
======================================================================
2026-07-09 18:28:51,793 [INFO] Generating plots...
2026-07-09 18:28:51,793 [INFO] ======================================================================
2026-07-09 18:28:52,130 [INFO] 
✅ Training finished! Logs: artifacts/logs/20260709_175827

